Archive member included to satisfy reference by file (symbol)

c:/Users/Nathan/AppData/Roaming/Code/User/globalStorage/bmd.stm32-for-vscode/@xpack-dev-tools/arm-none-eabi-gcc/15.2.1-1.1.1/.content/bin/../lib/gcc/arm-none-eabi/15.2.1/../../../../arm-none-eabi/lib/thumb/v7e-m+fp/hard\libc_nano.a(libc_a-atexit.o)
                              c:/Users/Nathan/AppData/Roaming/Code/User/globalStorage/bmd.stm32-for-vscode/@xpack-dev-tools/arm-none-eabi-gcc/15.2.1-1.1.1/.content/bin/../lib/gcc/arm-none-eabi/15.2.1/../../../../arm-none-eabi/lib/thumb/v7e-m+fp/hard/crt0.o (atexit)
c:/Users/Nathan/AppData/Roaming/Code/User/globalStorage/bmd.stm32-for-vscode/@xpack-dev-tools/arm-none-eabi-gcc/15.2.1-1.1.1/.content/bin/../lib/gcc/arm-none-eabi/15.2.1/../../../../arm-none-eabi/lib/thumb/v7e-m+fp/hard\libc_nano.a(libc_a-exit.o)
                              c:/Users/Nathan/AppData/Roaming/Code/User/globalStorage/bmd.stm32-for-vscode/@xpack-dev-tools/arm-none-eabi-gcc/15.2.1-1.1.1/.content/bin/../lib/gcc/arm-none-eabi/15.2.1/../../../../arm-none-eabi/lib/thumb/v7e-m+fp/hard/crt0.o (exit)
c:/Users/Nathan/AppData/Roaming/Code/User/globalStorage/bmd.stm32-for-vscode/@xpack-dev-tools/arm-none-eabi-gcc/15.2.1-1.1.1/.content/bin/../lib/gcc/arm-none-eabi/15.2.1/../../../../arm-none-eabi/lib/thumb/v7e-m+fp/hard\libc_nano.a(libc_a-findfp.o)
                              c:/Users/Nathan/AppData/Roaming/Code/User/globalStorage/bmd.stm32-for-vscode/@xpack-dev-tools/arm-none-eabi-gcc/15.2.1-1.1.1/.content/bin/../lib/gcc/arm-none-eabi/15.2.1/../../../../arm-none-eabi/lib/thumb/v7e-m+fp/hard\libc_nano.a(libc_a-exit.o) (__stdio_exit_handler)
c:/Users/Nathan/AppData/Roaming/Code/User/globalStorage/bmd.stm32-for-vscode/@xpack-dev-tools/arm-none-eabi-gcc/15.2.1-1.1.1/.content/bin/../lib/gcc/arm-none-eabi/15.2.1/../../../../arm-none-eabi/lib/thumb/v7e-m+fp/hard\libc_nano.a(libc_a-fwalk.o)
                              c:/Users/Nathan/AppData/Roaming/Code/User/globalStorage/bmd.stm32-for-vscode/@xpack-dev-tools/arm-none-eabi-gcc/15.2.1-1.1.1/.content/bin/../lib/gcc/arm-none-eabi/15.2.1/../../../../arm-none-eabi/lib/thumb/v7e-m+fp/hard\libc_nano.a(libc_a-findfp.o) (_fwalk_sglue)
c:/Users/Nathan/AppData/Roaming/Code/User/globalStorage/bmd.stm32-for-vscode/@xpack-dev-tools/arm-none-eabi-gcc/15.2.1-1.1.1/.content/bin/../lib/gcc/arm-none-eabi/15.2.1/../../../../arm-none-eabi/lib/thumb/v7e-m+fp/hard\libc_nano.a(libc_a-stdio.o)
                              c:/Users/Nathan/AppData/Roaming/Code/User/globalStorage/bmd.stm32-for-vscode/@xpack-dev-tools/arm-none-eabi-gcc/15.2.1-1.1.1/.content/bin/../lib/gcc/arm-none-eabi/15.2.1/../../../../arm-none-eabi/lib/thumb/v7e-m+fp/hard\libc_nano.a(libc_a-findfp.o) (__sread)
c:/Users/Nathan/AppData/Roaming/Code/User/globalStorage/bmd.stm32-for-vscode/@xpack-dev-tools/arm-none-eabi-gcc/15.2.1-1.1.1/.content/bin/../lib/gcc/arm-none-eabi/15.2.1/../../../../arm-none-eabi/lib/thumb/v7e-m+fp/hard\libc_nano.a(libc_a-memset.o)
                              c:/Users/Nathan/AppData/Roaming/Code/User/globalStorage/bmd.stm32-for-vscode/@xpack-dev-tools/arm-none-eabi-gcc/15.2.1-1.1.1/.content/bin/../lib/gcc/arm-none-eabi/15.2.1/../../../../arm-none-eabi/lib/thumb/v7e-m+fp/hard/crt0.o (memset)
c:/Users/Nathan/AppData/Roaming/Code/User/globalStorage/bmd.stm32-for-vscode/@xpack-dev-tools/arm-none-eabi-gcc/15.2.1-1.1.1/.content/bin/../lib/gcc/arm-none-eabi/15.2.1/../../../../arm-none-eabi/lib/thumb/v7e-m+fp/hard\libc_nano.a(libc_a-closer.o)
                              c:/Users/Nathan/AppData/Roaming/Code/User/globalStorage/bmd.stm32-for-vscode/@xpack-dev-tools/arm-none-eabi-gcc/15.2.1-1.1.1/.content/bin/../lib/gcc/arm-none-eabi/15.2.1/../../../../arm-none-eabi/lib/thumb/v7e-m+fp/hard\libc_nano.a(libc_a-stdio.o) (_close_r)
c:/Users/Nathan/AppData/Roaming/Code/User/globalStorage/bmd.stm32-for-vscode/@xpack-dev-tools/arm-none-eabi-gcc/15.2.1-1.1.1/.content/bin/../lib/gcc/arm-none-eabi/15.2.1/../../../../arm-none-eabi/lib/thumb/v7e-m+fp/hard\libc_nano.a(libc_a-reent.o)
                              c:/Users/Nathan/AppData/Roaming/Code/User/globalStorage/bmd.stm32-for-vscode/@xpack-dev-tools/arm-none-eabi-gcc/15.2.1-1.1.1/.content/bin/../lib/gcc/arm-none-eabi/15.2.1/../../../../arm-none-eabi/lib/thumb/v7e-m+fp/hard\libc_nano.a(libc_a-closer.o) (errno)
c:/Users/Nathan/AppData/Roaming/Code/User/globalStorage/bmd.stm32-for-vscode/@xpack-dev-tools/arm-none-eabi-gcc/15.2.1-1.1.1/.content/bin/../lib/gcc/arm-none-eabi/15.2.1/../../../../arm-none-eabi/lib/thumb/v7e-m+fp/hard\libc_nano.a(libc_a-impure.o)
                              c:/Users/Nathan/AppData/Roaming/Code/User/globalStorage/bmd.stm32-for-vscode/@xpack-dev-tools/arm-none-eabi-gcc/15.2.1-1.1.1/.content/bin/../lib/gcc/arm-none-eabi/15.2.1/../../../../arm-none-eabi/lib/thumb/v7e-m+fp/hard\libc_nano.a(libc_a-reent.o) (_impure_ptr)
[...]
Memory Configuration

Name             Origin             Length             Attributes
FLASH            0x08000000         0x00080000         xr
RAM1             0x20000008         0x0002fff8         xrw
RAM_SHARED       0x20030000         0x00002800         xrw
*default*        0x00000000         0xffffffff

Linker script and memory map

LOAD c:/Users/Nathan/AppData/Roaming/Code/User/globalStorage/bmd.stm32-for-vscode/@xpack-dev-tools/arm-none-eabi-gcc/15.2.1-1.1.1/.content/bin/../lib/gcc/arm-none-eabi/15.2.1/thumb/v7e-m+fp/hard/crti.o
LOAD c:/Users/Nathan/AppData/Roaming/Code/User/globalStorage/bmd.stm32-for-vscode/@xpack-dev-tools/arm-none-eabi-gcc/15.2.1-1.1.1/.content/bin/../lib/gcc/arm-none-eabi/15.2.1/thumb/v7e-m+fp/hard/crtbegin.o
LOAD c:/Users/Nathan/AppData/Roaming/Code/User/globalStorage/bmd.stm32-for-vscode/@xpack-dev-tools/arm-none-eabi-gcc/15.2.1-1.1.1/.content/bin/../lib/gcc/arm-none-eabi/15.2.1/../../../../arm-none-eabi/lib/thumb/v7e-m+fp/hard/crt0.o
LOAD build/debug/main.o
LOAD build/debug/stm32wbxx_hal.o
LOAD build/debug/stm32wbxx_hal_cortex.o
LOAD build/debug/stm32wbxx_hal_dma.o
LOAD build/debug/stm32wbxx_hal_dma_ex.o
LOAD build/debug/stm32wbxx_hal_exti.o
LOAD build/debug/stm32wbxx_hal_flash.o
LOAD build/debug/stm32wbxx_hal_flash_ex.o
LOAD build/debug/stm32wbxx_hal_gpio.o
LOAD build/debug/stm32wbxx_hal_hsem.o
LOAD build/debug/stm32wbxx_hal_i2c.o
LOAD build/debug/stm32wbxx_hal_i2c_ex.o
LOAD build/debug/stm32wbxx_hal_msp.o
LOAD build/debug/stm32wbxx_hal_pcd.o
LOAD build/debug/stm32wbxx_hal_pcd_ex.o
LOAD build/debug/stm32wbxx_hal_pwr.o
LOAD build/debug/stm32wbxx_hal_pwr_ex.o
LOAD build/debug/stm32wbxx_hal_qspi.o
LOAD build/debug/stm32wbxx_hal_rcc.o
LOAD build/debug/stm32wbxx_hal_rcc_ex.o
LOAD build/debug/stm32wbxx_it.o
LOAD build/debug/stm32wbxx_ll_rcc.o
LOAD build/debug/stm32wbxx_ll_usb.o
LOAD build/debug/syscalls.o
LOAD build/debug/sysmem.o
LOAD build/debug/system_stm32wbxx.o
LOAD build/debug/startup_stm32wb55xx_cm4.o
LOAD c:/Users/Nathan/AppData/Roaming/Code/User/globalStorage/bmd.stm32-for-vscode/@xpack-dev-tools/arm-none-eabi-gcc/15.2.1-1.1.1/.content/bin/../lib/gcc/arm-none-eabi/15.2.1/../../../../arm-none-eabi/lib/thumb/v7e-m+fp/hard\libc_nano.a
LOAD c:/Users/Nathan/AppData/Roaming/Code/User/globalStorage/bmd.stm32-for-vscode/@xpack-dev-tools/arm-none-eabi-gcc/15.2.1-1.1.1/.content/bin/../lib/gcc/arm-none-eabi/15.2.1/../../../../arm-none-eabi/lib/thumb/v7e-m+fp/hard\libm.a
LOAD c:/Users/Nathan/AppData/Roaming/Code/User/globalStorage/bmd.stm32-for-vscode/@xpack-dev-tools/arm-none-eabi-gcc/15.2.1-1.1.1/.content/bin/../lib/gcc/arm-none-eabi/15.2.1/../../../../arm-none-eabi/lib/thumb/v7e-m+fp/hard\libnosys.a
START GROUP
LOAD c:/Users/Nathan/AppData/Roaming/Code/User/globalStorage/bmd.stm32-for-vscode/@xpack-dev-tools/arm-none-eabi-gcc/15.2.1-1.1.1/.content/bin/../lib/gcc/arm-none-eabi/15.2.1/thumb/v7e-m+fp/hard\libgcc.a
LOAD c:/Users/Nathan/AppData/Roaming/Code/User/globalStorage/bmd.stm32-for-vscode/@xpack-dev-tools/arm-none-eabi-gcc/15.2.1-1.1.1/.content/bin/../lib/gcc/arm-none-eabi/15.2.1/../../../../arm-none-eabi/lib/thumb/v7e-m+fp/hard\libc_nano.a
END GROUP
START GROUP
LOAD c:/Users/Nathan/AppData/Roaming/Code/User/globalStorage/bmd.stm32-for-vscode/@xpack-dev-tools/arm-none-eabi-gcc/15.2.1-1.1.1/.content/bin/../lib/gcc/arm-none-eabi/15.2.1/thumb/v7e-m+fp/hard\libgcc.a
LOAD c:/Users/Nathan/AppData/Roaming/Code/User/globalStorage/bmd.stm32-for-vscode/@xpack-dev-tools/arm-none-eabi-gcc/15.2.1-1.1.1/.content/bin/../lib/gcc/arm-none-eabi/15.2.1/../../../../arm-none-eabi/lib/thumb/v7e-m+fp/hard\libc_nano.a
END GROUP
LOAD c:/Users/Nathan/AppData/Roaming/Code/User/globalStorage/bmd.stm32-for-vscode/@xpack-dev-tools/arm-none-eabi-gcc/15.2.1-1.1.1/.content/bin/../lib/gcc/arm-none-eabi/15.2.1/thumb/v7e-m+fp/hard/crtend.o
LOAD c:/Users/Nathan/AppData/Roaming/Code/User/globalStorage/bmd.stm32-for-vscode/@xpack-dev-tools/arm-none-eabi-gcc/15.2.1-1.1.1/.content/bin/../lib/gcc/arm-none-eabi/15.2.1/thumb/v7e-m+fp/hard/crtn.o
                0x20030000                        _estack = 0x20030000
                0x00000200                        _Min_Heap_Size = 0x200
                0x00000400                        _Min_Stack_Size = 0x400

.isr_vector     0x08000000      0x13c
                0x08000000                        . = ALIGN (0x4)
 *(.isr_vector)
 .isr_vector    0x08000000      0x13c build/debug/startup_stm32wb55xx_cm4.o
                0x08000000                g_pfnVectors
                0x0800013c                        . = ALIGN (0x4)

.text           0x0800013c     0x1d6c
                0x0800013c                        . = ALIGN (0x4)
 *(.text)
 *(.text*)
 .text.__do_global_dtors_aux
                0x0800013c       0x28 c:/Users/Nathan/AppData/Roaming/Code/User/globalStorage/bmd.stm32-for-vscode/@xpack-dev-tools/arm-none-eabi-gcc/15.2.1-1.1.1/.content/bin/../lib/gcc/arm-none-eabi/15.2.1/thumb/v7e-m+fp/hard/crtbegin.o
 .text.frame_dummy
                0x08000164       0x1c c:/Users/Nathan/AppData/Roaming/Code/User/globalStorage/bmd.stm32-for-vscode/@xpack-dev-tools/arm-none-eabi-gcc/15.2.1-1.1.1/.content/bin/../lib/gcc/arm-none-eabi/15.2.1/thumb/v7e-m+fp/hard/crtbegin.o
 .text.MX_GPIO_Init
                0x08000180       0xd8 build/debug/main.o
 .text.Error_Handler
                0x08000258        0x4 build/debug/main.o
                0x08000258                Error_Handler
 .text.MX_I2C3_Init
                0x0800025c       0x54 build/debug/main.o
 .text.MX_USB_PCD_Init
                0x080002b0       0x30 build/debug/main.o
 .text.MX_QUADSPI_Init
                0x080002e0       0x30 build/debug/main.o
 .text.SystemClock_Config
                0x08000310       0xc4 build/debug/main.o
                0x08000310                SystemClock_Config
 .text.PeriphCommonClock_Config
                0x080003d4       0x2e build/debug/main.o
                0x080003d4                PeriphCommonClock_Config
 .text.main     0x08000402       0x20 build/debug/main.o
                0x08000402                main
 *fill*         0x08000422        0x2 
 .text.HAL_InitTick
                0x08000424       0x50 build/debug/stm32wbxx_hal.o
                0x08000424                HAL_InitTick
 .text.HAL_Init
                0x08000474       0x30 build/debug/stm32wbxx_hal.o
                0x08000474                HAL_Init
 .text.HAL_IncTick
                0x080004a4       0x18 build/debug/stm32wbxx_hal.o
                0x080004a4                HAL_IncTick
 .text.HAL_GetTick
                0x080004bc        0xc build/debug/stm32wbxx_hal.o
                0x080004bc                HAL_GetTick
 .text.HAL_GetTickPrio
                0x080004c8        0xc build/debug/stm32wbxx_hal.o
                0x080004c8                HAL_GetTickPrio
 .text.__NVIC_SetPriority
                0x080004d4       0x28 build/debug/stm32wbxx_hal_cortex.o
 .text.NVIC_EncodePriority
                0x080004fc       0x46 build/debug/stm32wbxx_hal_cortex.o
 *fill*         0x08000542        0x2 
 .text.HAL_NVIC_SetPriorityGrouping
                0x08000544       0x24 build/debug/stm32wbxx_hal_cortex.o
                0x08000544                HAL_NVIC_SetPriorityGrouping
 .text.HAL_NVIC_SetPriority
                0x08000568       0x20 build/debug/stm32wbxx_hal_cortex.o
                0x08000568                HAL_NVIC_SetPriority
 .text.HAL_SYSTICK_Config
                0x08000588       0x28 build/debug/stm32wbxx_hal_cortex.o
                0x08000588                HAL_SYSTICK_Config
 .text.HAL_GPIO_Init
                0x080005b0      0x1b4 build/debug/stm32wbxx_hal_gpio.o
                0x080005b0                HAL_GPIO_Init
 .text.HAL_GPIO_WritePin
                0x08000764        0xa build/debug/stm32wbxx_hal_gpio.o
                0x08000764                HAL_GPIO_WritePin
 .text.HAL_I2C_Init
                0x0800076e       0xc8 build/debug/stm32wbxx_hal_i2c.o
                0x0800076e                HAL_I2C_Init
 .text.HAL_I2CEx_ConfigAnalogFilter
                0x08000836       0x5a build/debug/stm32wbxx_hal_i2c_ex.o
                0x08000836                HAL_I2CEx_ConfigAnalogFilter
 .text.HAL_I2CEx_ConfigDigitalFilter
                0x08000890       0x56 build/debug/stm32wbxx_hal_i2c_ex.o
                0x08000890                HAL_I2CEx_ConfigDigitalFilter
 .text.HAL_MspInit
                0x080008e6        0x8 build/debug/stm32wbxx_hal_msp.o
                0x080008e6                HAL_MspInit
 *fill*         0x080008ee        0x2 
 .text.HAL_I2C_MspInit
                0x080008f0       0x8c build/debug/stm32wbxx_hal_msp.o
                0x080008f0                HAL_I2C_MspInit
 .text.HAL_QSPI_MspInit
                0x0800097c       0x90 build/debug/stm32wbxx_hal_msp.o
                0x0800097c                HAL_QSPI_MspInit
 .text.HAL_PCD_MspInit
                0x08000a0c       0xa8 build/debug/stm32wbxx_hal_msp.o
                0x08000a0c                HAL_PCD_MspInit
 .text.HAL_PCD_Init
                0x08000ab4       0xb6 build/debug/stm32wbxx_hal_pcd.o
                0x08000ab4                HAL_PCD_Init
 .text.HAL_PCDEx_ActivateLPM
                0x08000b6a       0x2c build/debug/stm32wbxx_hal_pcd_ex.o
                0x08000b6a                HAL_PCDEx_ActivateLPM
 *fill*         0x08000b96        0x2 
 .text.HAL_PWR_EnableBkUpAccess
                0x08000b98       0x10 build/debug/stm32wbxx_hal_pwr.o
                0x08000b98                HAL_PWR_EnableBkUpAccess
 .text.HAL_PWREx_GetVoltageRange
                0x08000ba8       0x10 build/debug/stm32wbxx_hal_pwr_ex.o
                0x08000ba8                HAL_PWREx_GetVoltageRange
 .text.HAL_PWREx_EnableVddUSB
                0x08000bb8       0x10 build/debug/stm32wbxx_hal_pwr_ex.o
                0x08000bb8                HAL_PWREx_EnableVddUSB
 .text.QSPI_WaitFlagStateUntilTimeout
                0x08000bc8       0x50 build/debug/stm32wbxx_hal_qspi.o
 .text.HAL_QSPI_SetTimeout
                0x08000c18        0x4 build/debug/stm32wbxx_hal_qspi.o
                0x08000c18                HAL_QSPI_SetTimeout
 .text.HAL_QSPI_Init
                0x08000c1c       0xa8 build/debug/stm32wbxx_hal_qspi.o
                0x08000c1c                HAL_QSPI_Init
 .text.RCC_SetFlashLatency
                0x08000cc4       0xc0 build/debug/stm32wbxx_hal_rcc.o
 .text.RCC_SetFlashLatencyFromMSIRange
                0x08000d84       0x50 build/debug/stm32wbxx_hal_rcc.o
 .text.HAL_RCC_GetSysClockFreq
                0x08000dd4       0xc0 build/debug/stm32wbxx_hal_rcc.o
                0x08000dd4                HAL_RCC_GetSysClockFreq
 .text.HAL_RCC_GetHCLKFreq
                0x08000e94       0x20 build/debug/stm32wbxx_hal_rcc.o
                0x08000e94                HAL_RCC_GetHCLKFreq
 .text.HAL_RCC_OscConfig
                0x08000eb4      0x71c build/debug/stm32wbxx_hal_rcc.o
                0x08000eb4                HAL_RCC_OscConfig
 .text.HAL_RCC_ClockConfig
                0x080015d0      0x264 build/debug/stm32wbxx_hal_rcc.o
                0x080015d0                HAL_RCC_ClockConfig
 .text.LL_RCC_SetI2CClockSource
                0x08001834       0x20 build/debug/stm32wbxx_hal_rcc_ex.o
 .text.RCCEx_PLLSAI1_ConfigNP
                0x08001854       0x8e build/debug/stm32wbxx_hal_rcc_ex.o
 .text.RCCEx_PLLSAI1_ConfigNQ
                0x080018e2       0x8e build/debug/stm32wbxx_hal_rcc_ex.o
 .text.RCCEx_PLLSAI1_ConfigNR
                0x08001970       0x8e build/debug/stm32wbxx_hal_rcc_ex.o
 .text.HAL_RCCEx_PeriphCLKConfig
                0x080019fe      0x304 build/debug/stm32wbxx_hal_rcc_ex.o
                0x080019fe                HAL_RCCEx_PeriphCLKConfig
 .text.HAL_RCCEx_EnableMSIPLLMode
                0x08001d02        0xe build/debug/stm32wbxx_hal_rcc_ex.o
                0x08001d02                HAL_RCCEx_EnableMSIPLLMode
 .text.NMI_Handler
                0x08001d10        0x2 build/debug/stm32wbxx_it.o
                0x08001d10                NMI_Handler
 .text.HardFault_Handler
                0x08001d12        0x2 build/debug/stm32wbxx_it.o
                0x08001d12                HardFault_Handler
 .text.MemManage_Handler
                0x08001d14        0x2 build/debug/stm32wbxx_it.o
                0x08001d14                MemManage_Handler
 .text.BusFault_Handler
                0x08001d16        0x2 build/debug/stm32wbxx_it.o
                0x08001d16                BusFault_Handler
 .text.UsageFault_Handler
                0x08001d18        0x2 build/debug/stm32wbxx_it.o
                0x08001d18                UsageFault_Handler
 .text.SVC_Handler
                0x08001d1a        0x2 build/debug/stm32wbxx_it.o
                0x08001d1a                SVC_Handler
 .text.DebugMon_Handler
                0x08001d1c        0x2 build/debug/stm32wbxx_it.o
                0x08001d1c                DebugMon_Handler
 .text.PendSV_Handler
                0x08001d1e        0x2 build/debug/stm32wbxx_it.o
                0x08001d1e                PendSV_Handler
 .text.SysTick_Handler
                0x08001d20        0x8 build/debug/stm32wbxx_it.o
                0x08001d20                SysTick_Handler
 .text.USB_DisableGlobalInt
                0x08001d28       0x16 build/debug/stm32wbxx_ll_usb.o
                0x08001d28                USB_DisableGlobalInt
 .text.USB_DevInit
                0x08001d3e       0x22 build/debug/stm32wbxx_ll_usb.o
                0x08001d3e                USB_DevInit
 .text.SystemInit
                0x08001d60       0x64 build/debug/system_stm32wbxx.o
                0x08001d60                SystemInit
 .text.data_initializers
                0x08001dc4       0x18 build/debug/startup_stm32wb55xx_cm4.o
 .text.Reset_Handler
                0x08001ddc       0x58 build/debug/startup_stm32wb55xx_cm4.o
                0x08001ddc                Reset_Handler
 .text.Default_Handler
                0x08001e34        0x2 build/debug/startup_stm32wb55xx_cm4.o
                0x08001e34                RTC_Alarm_IRQHandler
                0x08001e34                EXTI2_IRQHandler
                0x08001e34                TIM1_CC_IRQHandler
                0x08001e34                TSC_IRQHandler
                0x08001e34                USB_HP_IRQHandler
                0x08001e34                EXTI3_IRQHandler
                0x08001e34                LPTIM2_IRQHandler
                0x08001e34                I2C3_ER_IRQHandler
                0x08001e34                EXTI0_IRQHandler
                0x08001e34                FPU_IRQHandler
                0x08001e34                TIM1_UP_TIM16_IRQHandler
                0x08001e34                AES1_IRQHandler
                0x08001e34                SPI1_IRQHandler
                0x08001e34                PWR_SOTF_BLEACT_802ACT_RFPHASE_IRQHandler
                0x08001e34                DMA2_Channel2_IRQHandler
                0x08001e34                DMA1_Channel4_IRQHandler
                0x08001e34                ADC1_IRQHandler
                0x08001e34                PKA_IRQHandler
                0x08001e34                DMA1_Channel7_IRQHandler
                0x08001e34                LCD_IRQHandler
                0x08001e34                IPCC_C1_TX_IRQHandler
                0x08001e34                DMA2_Channel1_IRQHandler
                0x08001e34                QUADSPI_IRQHandler
                0x08001e34                I2C1_EV_IRQHandler
                0x08001e34                DMAMUX1_OVR_IRQHandler
                0x08001e34                DMA1_Channel6_IRQHandler
                0x08001e34                DMA2_Channel4_IRQHandler
                0x08001e34                RCC_IRQHandler
                0x08001e34                DMA1_Channel1_IRQHandler
                0x08001e34                Default_Handler
                0x08001e34                DMA2_Channel7_IRQHandler
                0x08001e34                EXTI15_10_IRQHandler
                0x08001e34                IPCC_C1_RX_IRQHandler
                0x08001e34                C2SEV_PWR_C2H_IRQHandler
                0x08001e34                AES2_IRQHandler
                0x08001e34                I2C3_EV_IRQHandler
                0x08001e34                EXTI9_5_IRQHandler
                0x08001e34                RTC_WKUP_IRQHandler
                0x08001e34                PVD_PVM_IRQHandler
                0x08001e34                SPI2_IRQHandler
                0x08001e34                DMA2_Channel5_IRQHandler
                0x08001e34                CRS_IRQHandler
                0x08001e34                DMA1_Channel5_IRQHandler
                0x08001e34                USB_LP_IRQHandler
                0x08001e34                EXTI4_IRQHandler
                0x08001e34                RNG_IRQHandler
                0x08001e34                TIM1_TRG_COM_TIM17_IRQHandler
                0x08001e34                TAMP_STAMP_LSECSS_IRQHandler
                0x08001e34                DMA1_Channel3_IRQHandler
                0x08001e34                COMP_IRQHandler
                0x08001e34                HSEM_IRQHandler
                0x08001e34                WWDG_IRQHandler
                0x08001e34                LPUART1_IRQHandler
                0x08001e34                DMA2_Channel6_IRQHandler
                0x08001e34                TIM2_IRQHandler
                0x08001e34                TIM1_BRK_IRQHandler
                0x08001e34                EXTI1_IRQHandler
                0x08001e34                DMA1_Channel2_IRQHandler
                0x08001e34                FLASH_IRQHandler
                0x08001e34                USART1_IRQHandler
                0x08001e34                I2C1_ER_IRQHandler
                0x08001e34                LPTIM1_IRQHandler
                0x08001e34                SAI1_IRQHandler
                0x08001e34                DMA2_Channel3_IRQHandler
 .text.memset   0x08001e36       0x10 c:/Users/Nathan/AppData/Roaming/Code/User/globalStorage/bmd.stm32-for-vscode/@xpack-dev-tools/arm-none-eabi-gcc/15.2.1-1.1.1/.content/bin/../lib/gcc/arm-none-eabi/15.2.1/../../../../arm-none-eabi/lib/thumb/v7e-m+fp/hard\libc_nano.a(libc_a-memset.o)
                0x08001e36                memset
 *fill*         0x08001e46        0x2 
 .text.__libc_init_array
                0x08001e48       0x48 c:/Users/Nathan/AppData/Roaming/Code/User/globalStorage/bmd.stm32-for-vscode/@xpack-dev-tools/arm-none-eabi-gcc/15.2.1-1.1.1/.content/bin/../lib/gcc/arm-none-eabi/15.2.1/../../../../arm-none-eabi/lib/thumb/v7e-m+fp/hard\libc_nano.a(libc_a-init.o)
                0x08001e48                __libc_init_array
 *(.glue_7)
 .glue_7        0x08001e90        0x0 linker stubs
 *(.glue_7t)
 .glue_7t       0x08001e90        0x0 linker stubs
 *(.eh_frame)
 .eh_frame      0x08001e90        0x0 c:/Users/Nathan/AppData/Roaming/Code/User/globalStorage/bmd.stm32-for-vscode/@xpack-dev-tools/arm-none-eabi-gcc/15.2.1-1.1.1/.content/bin/../lib/gcc/arm-none-eabi/15.2.1/thumb/v7e-m+fp/hard/crtbegin.o
 *(.init)
 .init          0x08001e90        0x4 c:/Users/Nathan/AppData/Roaming/Code/User/globalStorage/bmd.stm32-for-vscode/@xpack-dev-tools/arm-none-eabi-gcc/15.2.1-1.1.1/.content/bin/../lib/gcc/arm-none-eabi/15.2.1/thumb/v7e-m+fp/hard/crti.o
                0x08001e90                _init
 .init          0x08001e94        0x8 c:/Users/Nathan/AppData/Roaming/Code/User/globalStorage/bmd.stm32-for-vscode/@xpack-dev-tools/arm-none-eabi-gcc/15.2.1-1.1.1/.content/bin/../lib/gcc/arm-none-eabi/15.2.1/thumb/v7e-m+fp/hard/crtn.o
 *(.fini)
 .fini          0x08001e9c        0x4 c:/Users/Nathan/AppData/Roaming/Code/User/globalStorage/bmd.stm32-for-vscode/@xpack-dev-tools/arm-none-eabi-gcc/15.2.1-1.1.1/.content/bin/../lib/gcc/arm-none-eabi/15.2.1/thumb/v7e-m+fp/hard/crti.o
                0x08001e9c                _fini
 .fini          0x08001ea0        0x8 c:/Users/Nathan/AppData/Roaming/Code/User/globalStorage/bmd.stm32-for-vscode/@xpack-dev-tools/arm-none-eabi-gcc/15.2.1-1.1.1/.content/bin/../lib/gcc/arm-none-eabi/15.2.1/thumb/v7e-m+fp/hard/crtn.o
                0x08001ea8                        . = ALIGN (0x4)
                0x08001ea8                        _etext = .

.vfp11_veneer   0x08001ea8        0x0
 .vfp11_veneer  0x08001ea8        0x0 linker stubs

.v4_bx          0x08001ea8        0x0
 .v4_bx         0x08001ea8        0x0 linker stubs

.iplt           0x08001ea8        0x0
 .iplt          0x08001ea8        0x0 c:/Users/Nathan/AppData/Roaming/Code/User/globalStorage/bmd.stm32-for-vscode/@xpack-dev-tools/arm-none-eabi-gcc/15.2.1-1.1.1/.content/bin/../lib/gcc/arm-none-eabi/15.2.1/thumb/v7e-m+fp/hard/crtbegin.o

.rodata         0x08001ea8       0xac
                0x08001ea8                        . = ALIGN (0x4)
 *(.rodata)
 .rodata        0x08001ea8       0x2c build/debug/stm32wbxx_hal_rcc.o
 *(.rodata*)
 .rodata.MSIRangeTable
                0x08001ed4       0x40 build/debug/system_stm32wbxx.o
                0x08001ed4                MSIRangeTable
 .rodata.AHBPrescTable
                0x08001f14       0x40 build/debug/system_stm32wbxx.o
                0x08001f14                AHBPrescTable
                0x08001f54                        . = ALIGN (0x4)

.ARM.extab
 *(.ARM.extab* .gnu.linkonce.armextab.*)

.ARM            0x08001f54        0x0
                0x08001f54                        __exidx_start = .
 *(.ARM.exidx*)
                0x08001f54                        __exidx_end = .

.preinit_array  0x08001f54        0x0
                0x08001f54                        PROVIDE (__preinit_array_start = .)
 *(.preinit_array*)
                0x08001f54                        PROVIDE (__preinit_array_end = .)

.init_array     0x08001f54        0x4
                0x08001f54                        PROVIDE (__init_array_start = .)
 *(SORT_BY_NAME(.init_array.*))
 *(.init_array*)
 .init_array    0x08001f54        0x4 c:/Users/Nathan/AppData/Roaming/Code/User/globalStorage/bmd.stm32-for-vscode/@xpack-dev-tools/arm-none-eabi-gcc/15.2.1-1.1.1/.content/bin/../lib/gcc/arm-none-eabi/15.2.1/thumb/v7e-m+fp/hard/crtbegin.o
                0x08001f58                        PROVIDE (__init_array_end = .)

.fini_array     0x08001f58        0x4
                0x08001f58                        PROVIDE (__fini_array_start = .)
 *(SORT_BY_NAME(.fini_array.*))
 *(.fini_array*)
 .fini_array    0x08001f58        0x4 c:/Users/Nathan/AppData/Roaming/Code/User/globalStorage/bmd.stm32-for-vscode/@xpack-dev-tools/arm-none-eabi-gcc/15.2.1-1.1.1/.content/bin/../lib/gcc/arm-none-eabi/15.2.1/thumb/v7e-m+fp/hard/crtbegin.o
                0x08001f5c                        PROVIDE (__fini_array_end = .)
                0x08001f5c                        _sidata = LOADADDR (.data)

.rel.dyn        0x08001f5c        0x0
 .rel.iplt      0x08001f5c        0x0 c:/Users/Nathan/AppData/Roaming/Code/User/globalStorage/bmd.stm32-for-vscode/@xpack-dev-tools/arm-none-eabi-gcc/15.2.1-1.1.1/.content/bin/../lib/gcc/arm-none-eabi/15.2.1/thumb/v7e-m+fp/hard/crtbegin.o

.data           0x20000008        0xc load address 0x08001f5c
                0x20000008                        . = ALIGN (0x4)
                0x20000008                        _sdata = .
 *(.data)
 *(.data*)
 .data.uwTickFreq
                0x20000008        0x1 build/debug/stm32wbxx_hal.o
                0x20000008                uwTickFreq
 *fill*         0x20000009        0x3 
 .data.uwTickPrio
                0x2000000c        0x4 build/debug/stm32wbxx_hal.o
                0x2000000c                uwTickPrio
 .data.SystemCoreClock
                0x20000010        0x4 build/debug/system_stm32wbxx.o
                0x20000010                SystemCoreClock
                0x20000014                        . = ALIGN (0x4)

.igot.plt       0x20000014        0x0 load address 0x08001f68
 .igot.plt      0x20000014        0x0 c:/Users/Nathan/AppData/Roaming/Code/User/globalStorage/bmd.stm32-for-vscode/@xpack-dev-tools/arm-none-eabi-gcc/15.2.1-1.1.1/.content/bin/../lib/gcc/arm-none-eabi/15.2.1/thumb/v7e-m+fp/hard/crtbegin.o

.tdata          0x20000014        0x0 load address 0x08001f68
 *(.tdata .tdata.* .gnu.linkonce.td.*)
                0x20000014                        . = ALIGN (0x4)
                0x20000014                        _edata = .
                [!provide]                        PROVIDE (__data_end = .)
                [!provide]                        PROVIDE (__tdata_end = .)
                [!provide]                        PROVIDE (__tdata_start = ADDR (.tdata))
                [!provide]                        PROVIDE (__tdata_size = (__tdata_end - __tdata_start))
                [!provide]                        PROVIDE (__data_start = ADDR (.data))
                [!provide]                        PROVIDE (__data_size = (__data_end - __data_start))
                [!provide]                        PROVIDE (__tdata_source = LOADADDR (.tdata))
                [!provide]                        PROVIDE (__tdata_source_end = (LOADADDR (.tdata) + SIZEOF (.tdata)))
                [!provide]                        PROVIDE (__tdata_source_size = (__tdata_source_end - __tdata_source))
                [!provide]                        PROVIDE (__data_source = LOADADDR (.data))
                [!provide]                        PROVIDE (__data_source_end = __tdata_source_end)
                [!provide]                        PROVIDE (__data_source_size = (__data_source_end - __data_source))

.tbss           0x20000014        0x0 load address 0x08001f68
                0x20000014                        _sbss = .
                0x20000014                        __bss_start__ = _sbss
 *(.tbss .tbss.*)
                0x20000014                        . = ALIGN (0x4)
                [!provide]                        PROVIDE (__tbss_end = .)
                [!provide]                        PROVIDE (__tbss_start = ADDR (.tbss))
                [!provide]                        PROVIDE (__tbss_size = (__tbss_end - __tbss_start))
                [!provide]                        PROVIDE (__tbss_offset = (ADDR (.tbss) - ADDR (.tdata)))
                [!provide]                        PROVIDE (__tls_base = __tdata_start)
                [!provide]                        PROVIDE (__tls_end = __tbss_end)
                [!provide]                        PROVIDE (__tls_size = (__tls_end - __tls_base))
                [!provide]                        PROVIDE (__tls_align = MAX (ALIGNOF (.tdata), ALIGNOF (.tbss)))
                [!provide]                        PROVIDE (__tls_size_align = (((__tls_size + __tls_align) - 0x1) & ~ ((__tls_align - 0x1))))
                [!provide]                        PROVIDE (__arm32_tls_tcb_offset = MAX (0x8, __tls_align))
                [!provide]                        PROVIDE (__arm64_tls_tcb_offset = MAX (0x10, __tls_align))

.bss            0x20000014      0x394 load address 0x08001f68
 *(.bss)
 *(.bss*)
 .bss.completed.1
                0x20000014        0x1 c:/Users/Nathan/AppData/Roaming/Code/User/globalStorage/bmd.stm32-for-vscode/@xpack-dev-tools/arm-none-eabi-gcc/15.2.1-1.1.1/.content/bin/../lib/gcc/arm-none-eabi/15.2.1/thumb/v7e-m+fp/hard/crtbegin.o
 *fill*         0x20000015        0x3 
 .bss.object.0  0x20000018       0x18 c:/Users/Nathan/AppData/Roaming/Code/User/globalStorage/bmd.stm32-for-vscode/@xpack-dev-tools/arm-none-eabi-gcc/15.2.1-1.1.1/.content/bin/../lib/gcc/arm-none-eabi/15.2.1/thumb/v7e-m+fp/hard/crtbegin.o
 .bss.hpcd_USB_FS
                0x20000030      0x2dc build/debug/main.o
                0x20000030                hpcd_USB_FS
 .bss.hqspi     0x2000030c       0x44 build/debug/main.o
                0x2000030c                hqspi
 .bss.hi2c3     0x20000350       0x54 build/debug/main.o
                0x20000350                hi2c3
 .bss.uwTick    0x200003a4        0x4 build/debug/stm32wbxx_hal.o
                0x200003a4                uwTick
 *(COMMON)
                0x200003a8                        . = ALIGN (0x4)
                0x200003a8                        _ebss = .
                0x200003a8                        __bss_end__ = _ebss
                [!provide]                        PROVIDE (__bss_end = .)
                [!provide]                        PROVIDE (__non_tls_bss_start = ADDR (.bss))
                [!provide]                        PROVIDE (__bss_start = __tbss_start)
                [!provide]                        PROVIDE (__bss_size = (__bss_end - __bss_start))

._user_heap_stack
                0x200003a8      0x600 load address 0x08001f68
                0x200003a8                        . = ALIGN (0x8)
                [!provide]                        PROVIDE (end = .)
                0x200003a8                        PROVIDE (_end = .)
                0x200005a8                        . = (. + _Min_Heap_Size)
 *fill*         0x200003a8      0x200 
                0x200009a8                        . = (. + _Min_Stack_Size)
 *fill*         0x200005a8      0x400 
                0x200009a8                        . = ALIGN (0x8)

/DISCARD/
 libc.a:*(*)
 libm.a:*(*)
 libgcc.a:*(*)

.ARM.attributes
                0x00000000       0x30
 *(.ARM.attributes)
 .ARM.attributes
                0x00000000       0x22 c:/Users/Nathan/AppData/Roaming/Code/User/globalStorage/bmd.stm32-for-vscode/@xpack-dev-tools/arm-none-eabi-gcc/15.2.1-1.1.1/.content/bin/../lib/gcc/arm-none-eabi/15.2.1/thumb/v7e-m+fp/hard/crti.o
 .ARM.attributes
                0x00000022       0x34 c:/Users/Nathan/AppData/Roaming/Code/User/globalStorage/bmd.stm32-for-vscode/@xpack-dev-tools/arm-none-eabi-gcc/15.2.1-1.1.1/.content/bin/../lib/gcc/arm-none-eabi/15.2.1/thumb/v7e-m+fp/hard/crtbegin.o
 .ARM.attributes
                0x00000056       0x34 build/debug/main.o
 .ARM.attributes
                0x0000008a       0x34 build/debug/stm32wbxx_hal.o
 .ARM.attributes
                0x000000be       0x34 build/debug/stm32wbxx_hal_cortex.o
 .ARM.attributes
                0x000000f2       0x34 build/debug/stm32wbxx_hal_gpio.o
 .ARM.attributes
                0x00000126       0x34 build/debug/stm32wbxx_hal_i2c.o
 .ARM.attributes
                0x0000015a       0x34 build/debug/stm32wbxx_hal_i2c_ex.o
 .ARM.attributes
                0x0000018e       0x34 build/debug/stm32wbxx_hal_msp.o
 .ARM.attributes
                0x000001c2       0x34 build/debug/stm32wbxx_hal_pcd.o
 .ARM.attributes
                0x000001f6       0x34 build/debug/stm32wbxx_hal_pcd_ex.o
 .ARM.attributes
                0x0000022a       0x34 build/debug/stm32wbxx_hal_pwr.o
 .ARM.attributes
                0x0000025e       0x34 build/debug/stm32wbxx_hal_pwr_ex.o
 .ARM.attributes
                0x00000292       0x34 build/debug/stm32wbxx_hal_qspi.o
 .ARM.attributes
                0x000002c6       0x34 build/debug/stm32wbxx_hal_rcc.o
 .ARM.attributes
                0x000002fa       0x34 build/debug/stm32wbxx_hal_rcc_ex.o
 .ARM.attributes
                0x0000032e       0x34 build/debug/stm32wbxx_it.o
 .ARM.attributes
                0x00000362       0x34 build/debug/stm32wbxx_ll_usb.o
 .ARM.attributes
                0x00000396       0x34 build/debug/system_stm32wbxx.o
 .ARM.attributes
                0x000003ca       0x21 build/debug/startup_stm32wb55xx_cm4.o
 .ARM.attributes
                0x000003eb       0x34 c:/Users/Nathan/AppData/Roaming/Code/User/globalStorage/bmd.stm32-for-vscode/@xpack-dev-tools/arm-none-eabi-gcc/15.2.1-1.1.1/.content/bin/../lib/gcc/arm-none-eabi/15.2.1/../../../../arm-none-eabi/lib/thumb/v7e-m+fp/hard\libc_nano.a(libc_a-memset.o)
 .ARM.attributes
                0x0000041f       0x34 c:/Users/Nathan/AppData/Roaming/Code/User/globalStorage/bmd.stm32-for-vscode/@xpack-dev-tools/arm-none-eabi-gcc/15.2.1-1.1.1/.content/bin/../lib/gcc/arm-none-eabi/15.2.1/../../../../arm-none-eabi/lib/thumb/v7e-m+fp/hard\libc_nano.a(libc_a-init.o)
 .ARM.attributes
                0x00000453       0x22 c:/Users/Nathan/AppData/Roaming/Code/User/globalStorage/bmd.stm32-for-vscode/@xpack-dev-tools/arm-none-eabi-gcc/15.2.1-1.1.1/.content/bin/../lib/gcc/arm-none-eabi/15.2.1/thumb/v7e-m+fp/hard/crtn.o

MAPPING_TABLE
 *(MAPPING_TABLE)

MB_MEM1
 *(MB_MEM1)
                0x08001f68                        _siMB_MEM2 = LOADADDR (.MB_MEM2)

.MB_MEM2        0x20030000        0x0 load address 0x08001f68
                0x20030000                        _sMB_MEM2 = .
 *(MB_MEM2)
                0x20030000                        _eMB_MEM2 = .
OUTPUT(build/debug/keyword.elf elf32-littlearm)
LOAD linker stubs

.comment        0x00000000       0x39
 .comment       0x00000000       0x39 c:/Users/Nathan/AppData/Roaming/Code/User/globalStorage/bmd.stm32-for-vscode/@xpack-dev-tools/arm-none-eabi-gcc/15.2.1-1.1.1/.content/bin/../lib/gcc/arm-none-eabi/15.2.1/thumb/v7e-m+fp/hard/crtbegin.o
                                 0x3a (size before relaxing)
 .comment       0x00000039        0x0 build/debug/main.o
                                 0x3a (size before relaxing)
 .comment       0x00000039        0x0 build/debug/stm32wbxx_hal.o
                                 0x3a (size before relaxing)
 .comment       0x00000039        0x0 build/debug/stm32wbxx_hal_cortex.o
                                 0x3a (size before relaxing)
 .comment       0x00000039        0x0 build/debug/stm32wbxx_hal_gpio.o
                                 0x3a (size before relaxing)
 .comment       0x00000039        0x0 build/debug/stm32wbxx_hal_i2c.o
                                 0x3a (size before relaxing)
 .comment       0x00000039        0x0 build/debug/stm32wbxx_hal_i2c_ex.o
                                 0x3a (size before relaxing)
 .comment       0x00000039        0x0 build/debug/stm32wbxx_hal_msp.o
                                 0x3a (size before relaxing)
 .comment       0x00000039        0x0 build/debug/stm32wbxx_hal_pcd.o
                                 0x3a (size before relaxing)
 .comment       0x00000039        0x0 build/debug/stm32wbxx_hal_pcd_ex.o
                                 0x3a (size before relaxing)
 .comment       0x00000039        0x0 build/debug/stm32wbxx_hal_pwr.o
                                 0x3a (size before relaxing)
 .comment       0x00000039        0x0 build/debug/stm32wbxx_hal_pwr_ex.o
                                 0x3a (size before relaxing)
 .comment       0x00000039        0x0 build/debug/stm32wbxx_hal_qspi.o
                                 0x3a (size before relaxing)
 .comment       0x00000039        0x0 build/debug/stm32wbxx_hal_rcc.o
                                 0x3a (size before relaxing)
 .comment       0x00000039        0x0 build/debug/stm32wbxx_hal_rcc_ex.o
                                 0x3a (size before relaxing)
 .comment       0x00000039        0x0 build/debug/stm32wbxx_it.o
                                 0x3a (size before relaxing)
 .comment       0x00000039        0x0 build/debug/stm32wbxx_ll_usb.o
                                 0x3a (size before relaxing)
 .comment       0x00000039        0x0 build/debug/system_stm32wbxx.o
                                 0x3a (size before relaxing)
 .comment       0x00000039        0x0 c:/Users/Nathan/AppData/Roaming/Code/User/globalStorage/bmd.stm32-for-vscode/@xpack-dev-tools/arm-none-eabi-gcc/15.2.1-1.1.1/.content/bin/../lib/gcc/arm-none-eabi/15.2.1/../../../../arm-none-eabi/lib/thumb/v7e-m+fp/hard\libc_nano.a(libc_a-memset.o)
                                 0x3a (size before relaxing)
 .comment       0x00000039        0x0 c:/Users/Nathan/AppData/Roaming/Code/User/globalStorage/bmd.stm32-for-vscode/@xpack-dev-tools/arm-none-eabi-gcc/15.2.1-1.1.1/.content/bin/../lib/gcc/arm-none-eabi/15.2.1/../../../../arm-none-eabi/lib/thumb/v7e-m+fp/hard\libc_nano.a(libc_a-init.o)
                                 0x3a (size before relaxing)

.debug_info     0x00000000    0x17e8a
 .debug_info    0x00000000     0x1d51 build/debug/main.o
 .debug_info    0x00001d51     0x1668 build/debug/stm32wbxx_hal.o
 .debug_info    0x000033b9      0xf1b build/debug/stm32wbxx_hal_cortex.o
 .debug_info    0x000042d4      0x701 build/debug/stm32wbxx_hal_gpio.o
 .debug_info    0x000049d5     0x4411 build/debug/stm32wbxx_hal_i2c.o
 .debug_info    0x00008de6      0x91d build/debug/stm32wbxx_hal_i2c_ex.o
 .debug_info    0x00009703     0x1946 build/debug/stm32wbxx_hal_msp.o
 .debug_info    0x0000b049     0x1c21 build/debug/stm32wbxx_hal_pcd.o
 .debug_info    0x0000cc6a      0x94a build/debug/stm32wbxx_hal_pcd_ex.o
 .debug_info    0x0000d5b4      0xa04 build/debug/stm32wbxx_hal_pwr.o
 .debug_info    0x0000dfb8     0x1393 build/debug/stm32wbxx_hal_pwr_ex.o
 .debug_info    0x0000f34b     0x189f build/debug/stm32wbxx_hal_qspi.o
 .debug_info    0x00010bea     0x211c build/debug/stm32wbxx_hal_rcc.o
 .debug_info    0x00012d06     0x3013 build/debug/stm32wbxx_hal_rcc_ex.o
 .debug_info    0x00015d19      0x122 build/debug/stm32wbxx_it.o
 .debug_info    0x00015e3b     0x18fd build/debug/stm32wbxx_ll_usb.o
 .debug_info    0x00017738      0x722 build/debug/system_stm32wbxx.o
 .debug_info    0x00017e5a       0x30 build/debug/startup_stm32wb55xx_cm4.o

.debug_abbrev   0x00000000     0x2e56
 .debug_abbrev  0x00000000      0x395 build/debug/main.o
 .debug_abbrev  0x00000395      0x3b7 build/debug/stm32wbxx_hal.o
 .debug_abbrev  0x0000074c      0x396 build/debug/stm32wbxx_hal_cortex.o
 .debug_abbrev  0x00000ae2      0x221 build/debug/stm32wbxx_hal_gpio.o
 .debug_abbrev  0x00000d03      0x29f build/debug/stm32wbxx_hal_i2c.o
 .debug_abbrev  0x00000fa2      0x1d2 build/debug/stm32wbxx_hal_i2c_ex.o
 .debug_abbrev  0x00001174      0x2f3 build/debug/stm32wbxx_hal_msp.o
 .debug_abbrev  0x00001467      0x2e8 build/debug/stm32wbxx_hal_pcd.o
 .debug_abbrev  0x0000174f      0x273 build/debug/stm32wbxx_hal_pcd_ex.o
 .debug_abbrev  0x000019c2      0x24d build/debug/stm32wbxx_hal_pwr.o
 .debug_abbrev  0x00001c0f      0x36f build/debug/stm32wbxx_hal_pwr_ex.o
 .debug_abbrev  0x00001f7e      0x24f build/debug/stm32wbxx_hal_qspi.o
 .debug_abbrev  0x000021cd      0x35f build/debug/stm32wbxx_hal_rcc.o
 .debug_abbrev  0x0000252c      0x474 build/debug/stm32wbxx_hal_rcc_ex.o
 .debug_abbrev  0x000029a0       0x82 build/debug/stm32wbxx_it.o
 .debug_abbrev  0x00002a22      0x2cb build/debug/stm32wbxx_ll_usb.o
 .debug_abbrev  0x00002ced      0x145 build/debug/system_stm32wbxx.o
 .debug_abbrev  0x00002e32       0x24 build/debug/startup_stm32wb55xx_cm4.o

.debug_loclists
                0x00000000     0x9dee
 .debug_loclists
                0x00000000       0x48 build/debug/main.o
 .debug_loclists
                0x00000048      0x2e7 build/debug/stm32wbxx_hal.o
 .debug_loclists
                0x0000032f      0x4be build/debug/stm32wbxx_hal_cortex.o
 .debug_loclists
                0x000007ed      0x2c5 build/debug/stm32wbxx_hal_gpio.o
 .debug_loclists
                0x00000ab2     0x3b65 build/debug/stm32wbxx_hal_i2c.o
 .debug_loclists
                0x00004617      0x129 build/debug/stm32wbxx_hal_i2c_ex.o
 .debug_loclists
                0x00004740      0x1e9 build/debug/stm32wbxx_hal_msp.o
 .debug_loclists
                0x00004929      0xece build/debug/stm32wbxx_hal_pcd.o
 .debug_loclists
                0x000057f7      0x1db build/debug/stm32wbxx_hal_pcd_ex.o
 .debug_loclists
                0x000059d2      0x1a9 build/debug/stm32wbxx_hal_pwr.o
 .debug_loclists
                0x00005b7b      0x833 build/debug/stm32wbxx_hal_pwr_ex.o
 .debug_loclists
                0x000063ae      0xe6a build/debug/stm32wbxx_hal_qspi.o
 .debug_loclists
                0x00007218      0x8cc build/debug/stm32wbxx_hal_rcc.o
 .debug_loclists
                0x00007ae4     0x1443 build/debug/stm32wbxx_hal_rcc_ex.o
 .debug_loclists
                0x00008f27      0xe38 build/debug/stm32wbxx_ll_usb.o
 .debug_loclists
                0x00009d5f       0x8f build/debug/system_stm32wbxx.o

.debug_aranges  0x00000000      0xed0
 .debug_aranges
                0x00000000       0x58 build/debug/main.o
 .debug_aranges
                0x00000058      0x158 build/debug/stm32wbxx_hal.o
 .debug_aranges
                0x000001b0       0xe8 build/debug/stm32wbxx_hal_cortex.o
 .debug_aranges
                0x00000298       0x60 build/debug/stm32wbxx_hal_gpio.o
 .debug_aranges
                0x000002f8      0x2a0 build/debug/stm32wbxx_hal_i2c.o
 .debug_aranges
                0x00000598       0x48 build/debug/stm32wbxx_hal_i2c_ex.o
 .debug_aranges
                0x000005e0       0x50 build/debug/stm32wbxx_hal_msp.o
 .debug_aranges
                0x00000630      0x138 build/debug/stm32wbxx_hal_pcd.o
 .debug_aranges
                0x00000768       0x58 build/debug/stm32wbxx_hal_pcd_ex.o
 .debug_aranges
                0x000007c0       0x98 build/debug/stm32wbxx_hal_pwr.o
 .debug_aranges
                0x00000858      0x1b8 build/debug/stm32wbxx_hal_pwr_ex.o
 .debug_aranges
                0x00000a10      0x160 build/debug/stm32wbxx_hal_qspi.o
 .debug_aranges
                0x00000b70       0xa8 build/debug/stm32wbxx_hal_rcc.o
 .debug_aranges
                0x00000c18      0x138 build/debug/stm32wbxx_hal_rcc_ex.o
 .debug_aranges
                0x00000d50       0x60 build/debug/stm32wbxx_it.o
 .debug_aranges
                0x00000db0       0xc8 build/debug/stm32wbxx_ll_usb.o
 .debug_aranges
                0x00000e78       0x28 build/debug/system_stm32wbxx.o
 .debug_aranges
                0x00000ea0       0x30 build/debug/startup_stm32wb55xx_cm4.o

.debug_rnglists
                0x00000000      0xead
 .debug_rnglists
                0x00000000       0x3f build/debug/main.o
 .debug_rnglists
                0x0000003f      0x109 build/debug/stm32wbxx_hal.o
 .debug_rnglists
                0x00000148       0xa9 build/debug/stm32wbxx_hal_cortex.o
 .debug_rnglists
                0x000001f1       0x45 build/debug/stm32wbxx_hal_gpio.o
 .debug_rnglists
                0x00000236      0x21c build/debug/stm32wbxx_hal_i2c.o
 .debug_rnglists
                0x00000452       0x31 build/debug/stm32wbxx_hal_i2c_ex.o
 .debug_rnglists
                0x00000483       0x3a build/debug/stm32wbxx_hal_msp.o
 .debug_rnglists
                0x000004bd      0x167 build/debug/stm32wbxx_hal_pcd.o
 .debug_rnglists
                0x00000624       0x3e build/debug/stm32wbxx_hal_pcd_ex.o
 .debug_rnglists
                0x00000662       0x6e build/debug/stm32wbxx_hal_pwr.o
 .debug_rnglists
                0x000006d0      0x163 build/debug/stm32wbxx_hal_pwr_ex.o
 .debug_rnglists
                0x00000833      0x112 build/debug/stm32wbxx_hal_qspi.o
 .debug_rnglists
                0x00000945      0x114 build/debug/stm32wbxx_hal_rcc.o
 .debug_rnglists
                0x00000a59      0x265 build/debug/stm32wbxx_hal_rcc_ex.o
 .debug_rnglists
                0x00000cbe       0x43 build/debug/stm32wbxx_it.o
 .debug_rnglists
                0x00000d01      0x173 build/debug/stm32wbxx_ll_usb.o
 .debug_rnglists
                0x00000e74       0x1a build/debug/system_stm32wbxx.o
 .debug_rnglists
                0x00000e8e       0x1f build/debug/startup_stm32wb55xx_cm4.o

.debug_line     0x00000000    0x11e24
 .debug_line    0x00000000      0x791 build/debug/main.o
 .debug_line    0x00000791      0xacd build/debug/stm32wbxx_hal.o
 .debug_line    0x0000125e      0x889 build/debug/stm32wbxx_hal_cortex.o
 .debug_line    0x00001ae7      0x763 build/debug/stm32wbxx_hal_gpio.o
 .debug_line    0x0000224a     0x4e95 build/debug/stm32wbxx_hal_i2c.o
 .debug_line    0x000070df      0x457 build/debug/stm32wbxx_hal_i2c_ex.o
 .debug_line    0x00007536      0x6a7 build/debug/stm32wbxx_hal_msp.o
 .debug_line    0x00007bdd     0x16ed build/debug/stm32wbxx_hal_pcd.o
 .debug_line    0x000092ca      0x4c8 build/debug/stm32wbxx_hal_pcd_ex.o
 .debug_line    0x00009792      0x566 build/debug/stm32wbxx_hal_pwr.o
 .debug_line    0x00009cf8      0xe29 build/debug/stm32wbxx_hal_pwr_ex.o
 .debug_line    0x0000ab21     0x15df build/debug/stm32wbxx_hal_qspi.o
 .debug_line    0x0000c100     0x1b26 build/debug/stm32wbxx_hal_rcc.o
 .debug_line    0x0000dc26     0x2774 build/debug/stm32wbxx_hal_rcc_ex.o
 .debug_line    0x0001039a      0x13d build/debug/stm32wbxx_it.o
 .debug_line    0x000104d7     0x1549 build/debug/stm32wbxx_ll_usb.o
 .debug_line    0x00011a20      0x385 build/debug/system_stm32wbxx.o
 .debug_line    0x00011da5       0x7f build/debug/startup_stm32wb55xx_cm4.o

.debug_str      0x00000000     0x5d96
 .debug_str     0x00000000     0x5d96 build/debug/main.o
                               0x143d (size before relaxing)
 .debug_str     0x00005d96        0x0 build/debug/stm32wbxx_hal.o
                               0x1236 (size before relaxing)
 .debug_str     0x00005d96        0x0 build/debug/stm32wbxx_hal_cortex.o
                                0xb46 (size before relaxing)
 .debug_str     0x00005d96        0x0 build/debug/stm32wbxx_hal_gpio.o
                                0x470 (size before relaxing)
 .debug_str     0x00005d96        0x0 build/debug/stm32wbxx_hal_i2c.o
                               0x10c4 (size before relaxing)
 .debug_str     0x00005d96        0x0 build/debug/stm32wbxx_hal_i2c_ex.o
                                0x8b7 (size before relaxing)
 .debug_str     0x00005d96        0x0 build/debug/stm32wbxx_hal_msp.o
                               0x11b8 (size before relaxing)
 .debug_str     0x00005d96        0x0 build/debug/stm32wbxx_hal_pcd.o
                                0xae0 (size before relaxing)
 .debug_str     0x00005d96        0x0 build/debug/stm32wbxx_hal_pcd_ex.o
                                0x76a (size before relaxing)
 .debug_str     0x00005d96        0x0 build/debug/stm32wbxx_hal_pwr.o
                                0x676 (size before relaxing)
 .debug_str     0x00005d96        0x0 build/debug/stm32wbxx_hal_pwr_ex.o
                                0xd41 (size before relaxing)
 .debug_str     0x00005d96        0x0 build/debug/stm32wbxx_hal_qspi.o
                                0xc13 (size before relaxing)
 .debug_str     0x00005d96        0x0 build/debug/stm32wbxx_hal_rcc.o
                                0xf8b (size before relaxing)
 .debug_str     0x00005d96        0x0 build/debug/stm32wbxx_hal_rcc_ex.o
                               0x159a (size before relaxing)
 .debug_str     0x00005d96        0x0 build/debug/stm32wbxx_it.o
                                0x216 (size before relaxing)
 .debug_str     0x00005d96        0x0 build/debug/stm32wbxx_ll_usb.o
                                0x66b (size before relaxing)
 .debug_str     0x00005d96        0x0 build/debug/system_stm32wbxx.o
                                0x4a8 (size before relaxing)
 .debug_str     0x00005d96        0x0 build/debug/startup_stm32wb55xx_cm4.o
                                 0x69 (size before relaxing)

.debug_frame    0x00000000     0x2460
 .debug_frame   0x00000000       0xec build/debug/main.o
 .debug_frame   0x000000ec      0x2cc build/debug/stm32wbxx_hal.o
 .debug_frame   0x000003b8      0x1f4 build/debug/stm32wbxx_hal_cortex.o
 .debug_frame   0x000005ac       0xd8 build/debug/stm32wbxx_hal_gpio.o
 .debug_frame   0x00000684      0x92c build/debug/stm32wbxx_hal_i2c.o
 .debug_frame   0x00000fb0       0x70 build/debug/stm32wbxx_hal_i2c_ex.o
 .debug_frame   0x00001020       0xd4 build/debug/stm32wbxx_hal_msp.o
 .debug_frame   0x000010f4      0x344 build/debug/stm32wbxx_hal_pcd.o
 .debug_frame   0x00001438       0x9c build/debug/stm32wbxx_hal_pcd_ex.o
 .debug_frame   0x000014d4      0x120 build/debug/stm32wbxx_hal_pwr.o
 .debug_frame   0x000015f4      0x364 build/debug/stm32wbxx_hal_pwr_ex.o
 .debug_frame   0x00001958      0x3e8 build/debug/stm32wbxx_hal_qspi.o
 .debug_frame   0x00001d40      0x1e0 build/debug/stm32wbxx_hal_rcc.o
 .debug_frame   0x00001f20      0x2d4 build/debug/stm32wbxx_hal_rcc_ex.o
 .debug_frame   0x000021f4       0xa8 build/debug/stm32wbxx_it.o
 .debug_frame   0x0000229c      0x194 build/debug/stm32wbxx_ll_usb.o
 .debug_frame   0x00002430       0x30 build/debug/system_stm32wbxx.o

.debug_line_str
                0x00000000       0x4d
 .debug_line_str
                0x00000000       0x4d build/debug/startup_stm32wb55xx_cm4.o

Cross Reference Table

Symbol                                            File
ADC1_IRQHandler                                   build/debug/startup_stm32wb55xx_cm4.o
AES1_IRQHandler                                   build/debug/startup_stm32wb55xx_cm4.o
AES2_IRQHandler                                   build/debug/startup_stm32wb55xx_cm4.o
AHBPrescTable                                     build/debug/system_stm32wbxx.o
                                                  build/debug/stm32wbxx_hal_rcc_ex.o
                                                  build/debug/stm32wbxx_hal_rcc.o
APBPrescTable                                     build/debug/system_stm32wbxx.o
                                                  build/debug/stm32wbxx_hal_rcc_ex.o
                                                  build/debug/stm32wbxx_hal_rcc.o
BusFault_Handler                                  build/debug/stm32wbxx_it.o
C2SEV_PWR_C2H_IRQHandler                          build/debug/startup_stm32wb55xx_cm4.o
COMP_IRQHandler                                   build/debug/startup_stm32wb55xx_cm4.o
CRS_IRQHandler                                    build/debug/startup_stm32wb55xx_cm4.o
DMA1_Channel1_IRQHandler                          build/debug/startup_stm32wb55xx_cm4.o
DMA1_Channel2_IRQHandler                          build/debug/startup_stm32wb55xx_cm4.o
DMA1_Channel3_IRQHandler                          build/debug/startup_stm32wb55xx_cm4.o
DMA1_Channel4_IRQHandler                          build/debug/startup_stm32wb55xx_cm4.o
DMA1_Channel5_IRQHandler                          build/debug/startup_stm32wb55xx_cm4.o
DMA1_Channel6_IRQHandler                          build/debug/startup_stm32wb55xx_cm4.o
DMA1_Channel7_IRQHandler                          build/debug/startup_stm32wb55xx_cm4.o
DMA2_Channel1_IRQHandler                          build/debug/startup_stm32wb55xx_cm4.o
DMA2_Channel2_IRQHandler                          build/debug/startup_stm32wb55xx_cm4.o
DMA2_Channel3_IRQHandler                          build/debug/startup_stm32wb55xx_cm4.o
DMA2_Channel4_IRQHandler                          build/debug/startup_stm32wb55xx_cm4.o
DMA2_Channel5_IRQHandler                          build/debug/startup_stm32wb55xx_cm4.o
DMA2_Channel6_IRQHandler                          build/debug/startup_stm32wb55xx_cm4.o
DMA2_Channel7_IRQHandler                          build/debug/startup_stm32wb55xx_cm4.o
DMAMUX1_OVR_IRQHandler                            build/debug/startup_stm32wb55xx_cm4.o
DebugMon_Handler                                  build/debug/stm32wbxx_it.o
Default_Handler                                   build/debug/startup_stm32wb55xx_cm4.o
EXTI0_IRQHandler                                  build/debug/startup_stm32wb55xx_cm4.o
EXTI15_10_IRQHandler                              build/debug/startup_stm32wb55xx_cm4.o
EXTI1_IRQHandler                                  build/debug/startup_stm32wb55xx_cm4.o
EXTI2_IRQHandler                                  build/debug/startup_stm32wb55xx_cm4.o
EXTI3_IRQHandler                                  build/debug/startup_stm32wb55xx_cm4.o
EXTI4_IRQHandler                                  build/debug/startup_stm32wb55xx_cm4.o
EXTI9_5_IRQHandler                                build/debug/startup_stm32wb55xx_cm4.o
Error_Handler                                     build/debug/main.o
                                                  build/debug/stm32wbxx_hal_msp.o
FLASH_IRQHandler                                  build/debug/startup_stm32wb55xx_cm4.o
FLASH_PageErase                                   build/debug/stm32wbxx_hal_flash_ex.o
                                                  build/debug/stm32wbxx_hal_flash.o
FLASH_WaitForLastOperation                        build/debug/stm32wbxx_hal_flash.o
                                                  build/debug/stm32wbxx_hal_flash_ex.o
FPU_IRQHandler                                    build/debug/startup_stm32wb55xx_cm4.o
HAL_DBGMCU_DisableDBGSleepMode                    build/debug/stm32wbxx_hal.o
HAL_DBGMCU_DisableDBGStandbyMode                  build/debug/stm32wbxx_hal.o
HAL_DBGMCU_DisableDBGStopMode                     build/debug/stm32wbxx_hal.o
HAL_DBGMCU_EnableDBGSleepMode                     build/debug/stm32wbxx_hal.o
HAL_DBGMCU_EnableDBGStandbyMode                   build/debug/stm32wbxx_hal.o
HAL_DBGMCU_EnableDBGStopMode                      build/debug/stm32wbxx_hal.o
HAL_DMAEx_ConfigMuxRequestGenerator               build/debug/stm32wbxx_hal_dma_ex.o
HAL_DMAEx_ConfigMuxSync                           build/debug/stm32wbxx_hal_dma_ex.o
HAL_DMAEx_DisableMuxRequestGenerator              build/debug/stm32wbxx_hal_dma_ex.o
HAL_DMAEx_EnableMuxRequestGenerator               build/debug/stm32wbxx_hal_dma_ex.o
HAL_DMAEx_MUX_IRQHandler                          build/debug/stm32wbxx_hal_dma_ex.o
HAL_DMA_Abort                                     build/debug/stm32wbxx_hal_dma.o
                                                  build/debug/stm32wbxx_hal_qspi.o
HAL_DMA_Abort_IT                                  build/debug/stm32wbxx_hal_dma.o
                                                  build/debug/stm32wbxx_hal_qspi.o
                                                  build/debug/stm32wbxx_hal_i2c.o
HAL_DMA_DeInit                                    build/debug/stm32wbxx_hal_dma.o
HAL_DMA_GetError                                  build/debug/stm32wbxx_hal_dma.o
HAL_DMA_GetState                                  build/debug/stm32wbxx_hal_dma.o
                                                  build/debug/stm32wbxx_hal_i2c.o
HAL_DMA_IRQHandler                                build/debug/stm32wbxx_hal_dma.o
HAL_DMA_Init                                      build/debug/stm32wbxx_hal_dma.o
HAL_DMA_PollForTransfer                           build/debug/stm32wbxx_hal_dma.o
HAL_DMA_RegisterCallback                          build/debug/stm32wbxx_hal_dma.o
HAL_DMA_Start                                     build/debug/stm32wbxx_hal_dma.o
HAL_DMA_Start_IT                                  build/debug/stm32wbxx_hal_dma.o
                                                  build/debug/stm32wbxx_hal_qspi.o
                                                  build/debug/stm32wbxx_hal_i2c.o
HAL_DMA_UnRegisterCallback                        build/debug/stm32wbxx_hal_dma.o
HAL_DeInit                                        build/debug/stm32wbxx_hal.o
HAL_Delay                                         build/debug/stm32wbxx_hal.o
                                                  build/debug/stm32wbxx_hal_pcd_ex.o
HAL_EXTI_ClearConfigLine                          build/debug/stm32wbxx_hal_exti.o
HAL_EXTI_ClearPending                             build/debug/stm32wbxx_hal_exti.o
HAL_EXTI_GenerateSWI                              build/debug/stm32wbxx_hal_exti.o
HAL_EXTI_GetConfigLine                            build/debug/stm32wbxx_hal_exti.o
HAL_EXTI_GetHandle                                build/debug/stm32wbxx_hal_exti.o
HAL_EXTI_GetPending                               build/debug/stm32wbxx_hal_exti.o
HAL_EXTI_IRQHandler                               build/debug/stm32wbxx_hal_exti.o
HAL_EXTI_RegisterCallback                         build/debug/stm32wbxx_hal_exti.o
HAL_EXTI_SetConfigLine                            build/debug/stm32wbxx_hal_exti.o
HAL_FLASHEx_AllowOperation                        build/debug/stm32wbxx_hal_flash_ex.o
HAL_FLASHEx_Erase                                 build/debug/stm32wbxx_hal_flash_ex.o
HAL_FLASHEx_Erase_IT                              build/debug/stm32wbxx_hal_flash_ex.o
HAL_FLASHEx_FlashEmptyCheck                       build/debug/stm32wbxx_hal_flash_ex.o
HAL_FLASHEx_ForceFlashEmpty                       build/debug/stm32wbxx_hal_flash_ex.o
HAL_FLASHEx_IsOperationSuspended                  build/debug/stm32wbxx_hal_flash_ex.o
HAL_FLASHEx_OBGetConfig                           build/debug/stm32wbxx_hal_flash_ex.o
HAL_FLASHEx_OBProgram                             build/debug/stm32wbxx_hal_flash_ex.o
HAL_FLASHEx_SuspendOperation                      build/debug/stm32wbxx_hal_flash_ex.o
HAL_FLASH_EndOfOperationCallback                  build/debug/stm32wbxx_hal_flash.o
HAL_FLASH_GetError                                build/debug/stm32wbxx_hal_flash.o
HAL_FLASH_IRQHandler                              build/debug/stm32wbxx_hal_flash.o
HAL_FLASH_Lock                                    build/debug/stm32wbxx_hal_flash.o
HAL_FLASH_OB_Launch                               build/debug/stm32wbxx_hal_flash.o
HAL_FLASH_OB_Lock                                 build/debug/stm32wbxx_hal_flash.o
HAL_FLASH_OB_Unlock                               build/debug/stm32wbxx_hal_flash.o
HAL_FLASH_OperationErrorCallback                  build/debug/stm32wbxx_hal_flash.o
HAL_FLASH_Program                                 build/debug/stm32wbxx_hal_flash.o
HAL_FLASH_Program_IT                              build/debug/stm32wbxx_hal_flash.o
HAL_FLASH_Unlock                                  build/debug/stm32wbxx_hal_flash.o
HAL_GPIO_DeInit                                   build/debug/stm32wbxx_hal_gpio.o
                                                  build/debug/stm32wbxx_hal_msp.o
HAL_GPIO_EXTI_Callback                            build/debug/stm32wbxx_hal_gpio.o
HAL_GPIO_EXTI_IRQHandler                          build/debug/stm32wbxx_hal_gpio.o
HAL_GPIO_Init                                     build/debug/stm32wbxx_hal_gpio.o
                                                  build/debug/stm32wbxx_hal_rcc_ex.o
                                                  build/debug/stm32wbxx_hal_rcc.o
                                                  build/debug/stm32wbxx_hal_msp.o
                                                  build/debug/main.o
HAL_GPIO_LockPin                                  build/debug/stm32wbxx_hal_gpio.o
HAL_GPIO_ReadPin                                  build/debug/stm32wbxx_hal_gpio.o
HAL_GPIO_TogglePin                                build/debug/stm32wbxx_hal_gpio.o
HAL_GPIO_WriteMultipleStatePin                    build/debug/stm32wbxx_hal_gpio.o
HAL_GPIO_WritePin                                 build/debug/stm32wbxx_hal_gpio.o
                                                  build/debug/main.o
HAL_GetDEVID                                      build/debug/stm32wbxx_hal.o
HAL_GetHalVersion                                 build/debug/stm32wbxx_hal.o
HAL_GetREVID                                      build/debug/stm32wbxx_hal.o
HAL_GetTick                                       build/debug/stm32wbxx_hal.o
                                                  build/debug/stm32wbxx_hal_rcc_ex.o
                                                  build/debug/stm32wbxx_hal_rcc.o
                                                  build/debug/stm32wbxx_hal_qspi.o
                                                  build/debug/stm32wbxx_hal_pcd_ex.o
                                                  build/debug/stm32wbxx_hal_i2c.o
                                                  build/debug/stm32wbxx_hal_flash.o
                                                  build/debug/stm32wbxx_hal_dma.o
HAL_GetTickFreq                                   build/debug/stm32wbxx_hal.o
HAL_GetTickPrio                                   build/debug/stm32wbxx_hal.o
                                                  build/debug/stm32wbxx_hal_rcc.o
HAL_GetUIDw0                                      build/debug/stm32wbxx_hal.o
HAL_GetUIDw1                                      build/debug/stm32wbxx_hal.o
HAL_GetUIDw2                                      build/debug/stm32wbxx_hal.o
HAL_I2CEx_ConfigAnalogFilter                      build/debug/stm32wbxx_hal_i2c_ex.o
                                                  build/debug/main.o
HAL_I2CEx_ConfigDigitalFilter                     build/debug/stm32wbxx_hal_i2c_ex.o
                                                  build/debug/main.o
HAL_I2CEx_DisableFastModePlus                     build/debug/stm32wbxx_hal_i2c_ex.o
HAL_I2CEx_DisableWakeUp                           build/debug/stm32wbxx_hal_i2c_ex.o
HAL_I2CEx_EnableFastModePlus                      build/debug/stm32wbxx_hal_i2c_ex.o
HAL_I2CEx_EnableWakeUp                            build/debug/stm32wbxx_hal_i2c_ex.o
HAL_I2C_AbortCpltCallback                         build/debug/stm32wbxx_hal_i2c.o
HAL_I2C_AddrCallback                              build/debug/stm32wbxx_hal_i2c.o
HAL_I2C_DeInit                                    build/debug/stm32wbxx_hal_i2c.o
HAL_I2C_DisableListen_IT                          build/debug/stm32wbxx_hal_i2c.o
HAL_I2C_ER_IRQHandler                             build/debug/stm32wbxx_hal_i2c.o
HAL_I2C_EV_IRQHandler                             build/debug/stm32wbxx_hal_i2c.o
HAL_I2C_EnableListen_IT                           build/debug/stm32wbxx_hal_i2c.o
HAL_I2C_ErrorCallback                             build/debug/stm32wbxx_hal_i2c.o
HAL_I2C_GetError                                  build/debug/stm32wbxx_hal_i2c.o
HAL_I2C_GetMode                                   build/debug/stm32wbxx_hal_i2c.o
HAL_I2C_GetState                                  build/debug/stm32wbxx_hal_i2c.o
HAL_I2C_Init                                      build/debug/stm32wbxx_hal_i2c.o
                                                  build/debug/main.o
HAL_I2C_IsDeviceReady                             build/debug/stm32wbxx_hal_i2c.o
HAL_I2C_ListenCpltCallback                        build/debug/stm32wbxx_hal_i2c.o
HAL_I2C_MasterRxCpltCallback                      build/debug/stm32wbxx_hal_i2c.o
HAL_I2C_MasterTxCpltCallback                      build/debug/stm32wbxx_hal_i2c.o
HAL_I2C_Master_Abort_IT                           build/debug/stm32wbxx_hal_i2c.o
HAL_I2C_Master_Receive                            build/debug/stm32wbxx_hal_i2c.o
HAL_I2C_Master_Receive_DMA                        build/debug/stm32wbxx_hal_i2c.o
HAL_I2C_Master_Receive_IT                         build/debug/stm32wbxx_hal_i2c.o
HAL_I2C_Master_Seq_Receive_DMA                    build/debug/stm32wbxx_hal_i2c.o
HAL_I2C_Master_Seq_Receive_IT                     build/debug/stm32wbxx_hal_i2c.o
HAL_I2C_Master_Seq_Transmit_DMA                   build/debug/stm32wbxx_hal_i2c.o
HAL_I2C_Master_Seq_Transmit_IT                    build/debug/stm32wbxx_hal_i2c.o
HAL_I2C_Master_Transmit                           build/debug/stm32wbxx_hal_i2c.o
HAL_I2C_Master_Transmit_DMA                       build/debug/stm32wbxx_hal_i2c.o
HAL_I2C_Master_Transmit_IT                        build/debug/stm32wbxx_hal_i2c.o
HAL_I2C_MemRxCpltCallback                         build/debug/stm32wbxx_hal_i2c.o
HAL_I2C_MemTxCpltCallback                         build/debug/stm32wbxx_hal_i2c.o
HAL_I2C_Mem_Read                                  build/debug/stm32wbxx_hal_i2c.o
HAL_I2C_Mem_Read_DMA                              build/debug/stm32wbxx_hal_i2c.o
HAL_I2C_Mem_Read_IT                               build/debug/stm32wbxx_hal_i2c.o
HAL_I2C_Mem_Write                                 build/debug/stm32wbxx_hal_i2c.o
HAL_I2C_Mem_Write_DMA                             build/debug/stm32wbxx_hal_i2c.o
HAL_I2C_Mem_Write_IT                              build/debug/stm32wbxx_hal_i2c.o
HAL_I2C_MspDeInit                                 build/debug/stm32wbxx_hal_msp.o
                                                  build/debug/stm32wbxx_hal_i2c.o
HAL_I2C_MspInit                                   build/debug/stm32wbxx_hal_msp.o
                                                  build/debug/stm32wbxx_hal_i2c.o
HAL_I2C_SlaveRxCpltCallback                       build/debug/stm32wbxx_hal_i2c.o
HAL_I2C_SlaveTxCpltCallback                       build/debug/stm32wbxx_hal_i2c.o
HAL_I2C_Slave_Receive                             build/debug/stm32wbxx_hal_i2c.o
HAL_I2C_Slave_Receive_DMA                         build/debug/stm32wbxx_hal_i2c.o
HAL_I2C_Slave_Receive_IT                          build/debug/stm32wbxx_hal_i2c.o
HAL_I2C_Slave_Seq_Receive_DMA                     build/debug/stm32wbxx_hal_i2c.o
HAL_I2C_Slave_Seq_Receive_IT                      build/debug/stm32wbxx_hal_i2c.o
HAL_I2C_Slave_Seq_Transmit_DMA                    build/debug/stm32wbxx_hal_i2c.o
HAL_I2C_Slave_Seq_Transmit_IT                     build/debug/stm32wbxx_hal_i2c.o
HAL_I2C_Slave_Transmit                            build/debug/stm32wbxx_hal_i2c.o
HAL_I2C_Slave_Transmit_DMA                        build/debug/stm32wbxx_hal_i2c.o
HAL_I2C_Slave_Transmit_IT                         build/debug/stm32wbxx_hal_i2c.o
HAL_IncTick                                       build/debug/stm32wbxx_hal.o
                                                  build/debug/stm32wbxx_it.o
HAL_Init                                          build/debug/stm32wbxx_hal.o
                                                  build/debug/main.o
HAL_InitTick                                      build/debug/stm32wbxx_hal.o
                                                  build/debug/stm32wbxx_hal_rcc.o
HAL_MPU_ConfigRegion                              build/debug/stm32wbxx_hal_cortex.o
HAL_MPU_Disable                                   build/debug/stm32wbxx_hal_cortex.o
HAL_MPU_DisableRegion                             build/debug/stm32wbxx_hal_cortex.o
HAL_MPU_Enable                                    build/debug/stm32wbxx_hal_cortex.o
HAL_MPU_EnableRegion                              build/debug/stm32wbxx_hal_cortex.o
HAL_MspDeInit                                     build/debug/stm32wbxx_hal.o
HAL_MspInit                                       build/debug/stm32wbxx_hal_msp.o
                                                  build/debug/stm32wbxx_hal.o
HAL_NVIC_ClearPendingIRQ                          build/debug/stm32wbxx_hal_cortex.o
HAL_NVIC_DisableIRQ                               build/debug/stm32wbxx_hal_cortex.o
HAL_NVIC_EnableIRQ                                build/debug/stm32wbxx_hal_cortex.o
HAL_NVIC_GetPendingIRQ                            build/debug/stm32wbxx_hal_cortex.o
HAL_NVIC_GetPriority                              build/debug/stm32wbxx_hal_cortex.o
HAL_NVIC_GetPriorityGrouping                      build/debug/stm32wbxx_hal_cortex.o
HAL_NVIC_SetPendingIRQ                            build/debug/stm32wbxx_hal_cortex.o
HAL_NVIC_SetPriority                              build/debug/stm32wbxx_hal_cortex.o
                                                  build/debug/stm32wbxx_hal.o
HAL_NVIC_SetPriorityGrouping                      build/debug/stm32wbxx_hal_cortex.o
                                                  build/debug/stm32wbxx_hal.o
HAL_NVIC_SystemReset                              build/debug/stm32wbxx_hal_cortex.o
HAL_PCDEx_ActivateBCD                             build/debug/stm32wbxx_hal_pcd_ex.o
HAL_PCDEx_ActivateLPM                             build/debug/stm32wbxx_hal_pcd_ex.o
                                                  build/debug/stm32wbxx_hal_pcd.o
HAL_PCDEx_BCD_Callback                            build/debug/stm32wbxx_hal_pcd_ex.o
HAL_PCDEx_BCD_VBUSDetect                          build/debug/stm32wbxx_hal_pcd_ex.o
HAL_PCDEx_DeActivateBCD                           build/debug/stm32wbxx_hal_pcd_ex.o
HAL_PCDEx_DeActivateLPM                           build/debug/stm32wbxx_hal_pcd_ex.o
HAL_PCDEx_LPM_Callback                            build/debug/stm32wbxx_hal_pcd_ex.o
                                                  build/debug/stm32wbxx_hal_pcd.o
HAL_PCDEx_PMAConfig                               build/debug/stm32wbxx_hal_pcd_ex.o
HAL_PCD_ActivateRemoteWakeup                      build/debug/stm32wbxx_hal_pcd.o
HAL_PCD_ConnectCallback                           build/debug/stm32wbxx_hal_pcd.o
HAL_PCD_DataInStageCallback                       build/debug/stm32wbxx_hal_pcd.o
HAL_PCD_DataOutStageCallback                      build/debug/stm32wbxx_hal_pcd.o
HAL_PCD_DeActivateRemoteWakeup                    build/debug/stm32wbxx_hal_pcd.o
HAL_PCD_DeInit                                    build/debug/stm32wbxx_hal_pcd.o
HAL_PCD_DevConnect                                build/debug/stm32wbxx_hal_pcd.o
HAL_PCD_DevDisconnect                             build/debug/stm32wbxx_hal_pcd.o
HAL_PCD_DisconnectCallback                        build/debug/stm32wbxx_hal_pcd.o
HAL_PCD_EP_Abort                                  build/debug/stm32wbxx_hal_pcd.o
HAL_PCD_EP_Close                                  build/debug/stm32wbxx_hal_pcd.o
HAL_PCD_EP_ClrStall                               build/debug/stm32wbxx_hal_pcd.o
HAL_PCD_EP_Flush                                  build/debug/stm32wbxx_hal_pcd.o
HAL_PCD_EP_GetRxCount                             build/debug/stm32wbxx_hal_pcd.o
HAL_PCD_EP_Open                                   build/debug/stm32wbxx_hal_pcd.o
HAL_PCD_EP_Receive                                build/debug/stm32wbxx_hal_pcd.o
HAL_PCD_EP_SetStall                               build/debug/stm32wbxx_hal_pcd.o
HAL_PCD_EP_Transmit                               build/debug/stm32wbxx_hal_pcd.o
HAL_PCD_GetState                                  build/debug/stm32wbxx_hal_pcd.o
HAL_PCD_IRQHandler                                build/debug/stm32wbxx_hal_pcd.o
HAL_PCD_ISOINIncompleteCallback                   build/debug/stm32wbxx_hal_pcd.o
HAL_PCD_ISOOUTIncompleteCallback                  build/debug/stm32wbxx_hal_pcd.o
HAL_PCD_Init                                      build/debug/stm32wbxx_hal_pcd.o
                                                  build/debug/main.o
HAL_PCD_MspDeInit                                 build/debug/stm32wbxx_hal_msp.o
HAL_PCD_MspInit                                   build/debug/stm32wbxx_hal_msp.o
HAL_PCD_ResetCallback                             build/debug/stm32wbxx_hal_pcd.o
HAL_PCD_ResumeCallback                            build/debug/stm32wbxx_hal_pcd.o
HAL_PCD_SOFCallback                               build/debug/stm32wbxx_hal_pcd.o
HAL_PCD_SetAddress                                build/debug/stm32wbxx_hal_pcd.o
HAL_PCD_SetupStageCallback                        build/debug/stm32wbxx_hal_pcd.o
HAL_PCD_Start                                     build/debug/stm32wbxx_hal_pcd.o
HAL_PCD_Stop                                      build/debug/stm32wbxx_hal_pcd.o
HAL_PCD_SuspendCallback                           build/debug/stm32wbxx_hal_pcd.o
HAL_PWREx_ClearWakeupFlag                         build/debug/stm32wbxx_hal_pwr_ex.o
HAL_PWREx_ConfigPVM                               build/debug/stm32wbxx_hal_pwr_ex.o
HAL_PWREx_ConfigSMPS                              build/debug/stm32wbxx_hal_pwr_ex.o
HAL_PWREx_ControlVoltageScaling                   build/debug/stm32wbxx_hal_pwr_ex.o
HAL_PWREx_Disable802ActivityIT                    build/debug/stm32wbxx_hal_pwr_ex.o
HAL_PWREx_DisableBLEActivityIT                    build/debug/stm32wbxx_hal_pwr_ex.o
HAL_PWREx_DisableBORH_SMPSBypassIT                build/debug/stm32wbxx_hal_pwr_ex.o
HAL_PWREx_DisableBatteryCharging                  build/debug/stm32wbxx_hal_pwr_ex.o
HAL_PWREx_DisableFlashPowerDown                   build/debug/stm32wbxx_hal_pwr_ex.o
HAL_PWREx_DisableGPIOPullDown                     build/debug/stm32wbxx_hal_pwr_ex.o
HAL_PWREx_DisableGPIOPullUp                       build/debug/stm32wbxx_hal_pwr_ex.o
HAL_PWREx_DisableHOLDC2IT                         build/debug/stm32wbxx_hal_pwr_ex.o
HAL_PWREx_DisableInternalWakeUpLine               build/debug/stm32wbxx_hal_pwr_ex.o
HAL_PWREx_DisableLowPowerRunMode                  build/debug/stm32wbxx_hal_pwr_ex.o
                                                  build/debug/stm32wbxx_hal_pwr.o
HAL_PWREx_DisablePVM1                             build/debug/stm32wbxx_hal_pwr_ex.o
HAL_PWREx_DisablePVM3                             build/debug/stm32wbxx_hal_pwr_ex.o
HAL_PWREx_DisablePullUpPullDownConfig             build/debug/stm32wbxx_hal_pwr_ex.o
HAL_PWREx_DisableRFPhaseIT                        build/debug/stm32wbxx_hal_pwr_ex.o
HAL_PWREx_DisableSRAMRetention                    build/debug/stm32wbxx_hal_pwr_ex.o
HAL_PWREx_DisableVddUSB                           build/debug/stm32wbxx_hal_pwr_ex.o
HAL_PWREx_Enable802ActivityIT                     build/debug/stm32wbxx_hal_pwr_ex.o
HAL_PWREx_EnableBLEActivityIT                     build/debug/stm32wbxx_hal_pwr_ex.o
HAL_PWREx_EnableBORH_SMPSBypassIT                 build/debug/stm32wbxx_hal_pwr_ex.o
HAL_PWREx_EnableBatteryCharging                   build/debug/stm32wbxx_hal_pwr_ex.o
HAL_PWREx_EnableFlashPowerDown                    build/debug/stm32wbxx_hal_pwr_ex.o
HAL_PWREx_EnableGPIOPullDown                      build/debug/stm32wbxx_hal_pwr_ex.o
HAL_PWREx_EnableGPIOPullUp                        build/debug/stm32wbxx_hal_pwr_ex.o
HAL_PWREx_EnableHOLDC2IT                          build/debug/stm32wbxx_hal_pwr_ex.o
HAL_PWREx_EnableInternalWakeUpLine                build/debug/stm32wbxx_hal_pwr_ex.o
HAL_PWREx_EnableLowPowerRunMode                   build/debug/stm32wbxx_hal_pwr_ex.o
                                                  build/debug/stm32wbxx_hal_pwr.o
HAL_PWREx_EnablePVM1                              build/debug/stm32wbxx_hal_pwr_ex.o
HAL_PWREx_EnablePVM3                              build/debug/stm32wbxx_hal_pwr_ex.o
HAL_PWREx_EnablePullUpPullDownConfig              build/debug/stm32wbxx_hal_pwr_ex.o
HAL_PWREx_EnableRFPhaseIT                         build/debug/stm32wbxx_hal_pwr_ex.o
HAL_PWREx_EnableSRAMRetention                     build/debug/stm32wbxx_hal_pwr_ex.o
HAL_PWREx_EnableVddUSB                            build/debug/stm32wbxx_hal_pwr_ex.o
                                                  build/debug/stm32wbxx_hal_msp.o
HAL_PWREx_EnableWakeUpPin                         build/debug/stm32wbxx_hal_pwr_ex.o
HAL_PWREx_EnterSHUTDOWNMode                       build/debug/stm32wbxx_hal_pwr_ex.o
HAL_PWREx_EnterSTOP0Mode                          build/debug/stm32wbxx_hal_pwr_ex.o
                                                  build/debug/stm32wbxx_hal_pwr.o
HAL_PWREx_EnterSTOP1Mode                          build/debug/stm32wbxx_hal_pwr_ex.o
                                                  build/debug/stm32wbxx_hal_pwr.o
HAL_PWREx_EnterSTOP2Mode                          build/debug/stm32wbxx_hal_pwr_ex.o
HAL_PWREx_GetBORConfig                            build/debug/stm32wbxx_hal_pwr_ex.o
HAL_PWREx_GetVoltageRange                         build/debug/stm32wbxx_hal_pwr_ex.o
                                                  build/debug/stm32wbxx_hal_rcc.o
HAL_PWREx_GetWakeupFlag                           build/debug/stm32wbxx_hal_pwr_ex.o
HAL_PWREx_HoldCore                                build/debug/stm32wbxx_hal_pwr_ex.o
HAL_PWREx_PVD_PVM_IRQHandler                      build/debug/stm32wbxx_hal_pwr_ex.o
HAL_PWREx_PVM1Callback                            build/debug/stm32wbxx_hal_pwr_ex.o
HAL_PWREx_PVM3Callback                            build/debug/stm32wbxx_hal_pwr_ex.o
HAL_PWREx_ReleaseCore                             build/debug/stm32wbxx_hal_pwr_ex.o
HAL_PWREx_SMPS_GetEffectiveMode                   build/debug/stm32wbxx_hal_pwr_ex.o
HAL_PWREx_SMPS_SetMode                            build/debug/stm32wbxx_hal_pwr_ex.o
HAL_PWREx_SetBORConfig                            build/debug/stm32wbxx_hal_pwr_ex.o
HAL_PWR_ConfigPVD                                 build/debug/stm32wbxx_hal_pwr.o
HAL_PWR_DeInit                                    build/debug/stm32wbxx_hal_pwr.o
HAL_PWR_DisableBkUpAccess                         build/debug/stm32wbxx_hal_pwr.o
                                                  build/debug/stm32wbxx_hal_rcc_ex.o
HAL_PWR_DisablePVD                                build/debug/stm32wbxx_hal_pwr.o
HAL_PWR_DisableSEVOnPend                          build/debug/stm32wbxx_hal_pwr.o
HAL_PWR_DisableSleepOnExit                        build/debug/stm32wbxx_hal_pwr.o
HAL_PWR_DisableWakeUpPin                          build/debug/stm32wbxx_hal_pwr.o
HAL_PWR_EnableBkUpAccess                          build/debug/stm32wbxx_hal_pwr.o
                                                  build/debug/stm32wbxx_hal_rcc_ex.o
                                                  build/debug/stm32wbxx_hal_rcc.o
                                                  build/debug/main.o
HAL_PWR_EnablePVD                                 build/debug/stm32wbxx_hal_pwr.o
HAL_PWR_EnableSEVOnPend                           build/debug/stm32wbxx_hal_pwr.o
HAL_PWR_EnableSleepOnExit                         build/debug/stm32wbxx_hal_pwr.o
HAL_PWR_EnableWakeUpPin                           build/debug/stm32wbxx_hal_pwr.o
HAL_PWR_EnterSLEEPMode                            build/debug/stm32wbxx_hal_pwr.o
HAL_PWR_EnterSTANDBYMode                          build/debug/stm32wbxx_hal_pwr.o
HAL_PWR_EnterSTOPMode                             build/debug/stm32wbxx_hal_pwr.o
HAL_PWR_PVDCallback                               build/debug/stm32wbxx_hal_pwr.o
                                                  build/debug/stm32wbxx_hal_pwr_ex.o
HAL_QSPI_Abort                                    build/debug/stm32wbxx_hal_qspi.o
HAL_QSPI_AbortCpltCallback                        build/debug/stm32wbxx_hal_qspi.o
HAL_QSPI_Abort_IT                                 build/debug/stm32wbxx_hal_qspi.o
HAL_QSPI_AutoPolling                              build/debug/stm32wbxx_hal_qspi.o
HAL_QSPI_AutoPolling_IT                           build/debug/stm32wbxx_hal_qspi.o
HAL_QSPI_CmdCpltCallback                          build/debug/stm32wbxx_hal_qspi.o
HAL_QSPI_Command                                  build/debug/stm32wbxx_hal_qspi.o
HAL_QSPI_Command_IT                               build/debug/stm32wbxx_hal_qspi.o
HAL_QSPI_DeInit                                   build/debug/stm32wbxx_hal_qspi.o
HAL_QSPI_ErrorCallback                            build/debug/stm32wbxx_hal_qspi.o
HAL_QSPI_FifoThresholdCallback                    build/debug/stm32wbxx_hal_qspi.o
HAL_QSPI_GetError                                 build/debug/stm32wbxx_hal_qspi.o
HAL_QSPI_GetFifoThreshold                         build/debug/stm32wbxx_hal_qspi.o
HAL_QSPI_GetState                                 build/debug/stm32wbxx_hal_qspi.o
HAL_QSPI_IRQHandler                               build/debug/stm32wbxx_hal_qspi.o
HAL_QSPI_Init                                     build/debug/stm32wbxx_hal_qspi.o
                                                  build/debug/main.o
HAL_QSPI_MemoryMapped                             build/debug/stm32wbxx_hal_qspi.o
HAL_QSPI_MspDeInit                                build/debug/stm32wbxx_hal_msp.o
HAL_QSPI_MspInit                                  build/debug/stm32wbxx_hal_msp.o
HAL_QSPI_Receive                                  build/debug/stm32wbxx_hal_qspi.o
HAL_QSPI_Receive_DMA                              build/debug/stm32wbxx_hal_qspi.o
HAL_QSPI_Receive_IT                               build/debug/stm32wbxx_hal_qspi.o
HAL_QSPI_RxCpltCallback                           build/debug/stm32wbxx_hal_qspi.o
HAL_QSPI_RxHalfCpltCallback                       build/debug/stm32wbxx_hal_qspi.o
HAL_QSPI_SetFifoThreshold                         build/debug/stm32wbxx_hal_qspi.o
HAL_QSPI_SetTimeout                               build/debug/stm32wbxx_hal_qspi.o
HAL_QSPI_StatusMatchCallback                      build/debug/stm32wbxx_hal_qspi.o
HAL_QSPI_TimeOutCallback                          build/debug/stm32wbxx_hal_qspi.o
HAL_QSPI_Transmit                                 build/debug/stm32wbxx_hal_qspi.o
HAL_QSPI_Transmit_DMA                             build/debug/stm32wbxx_hal_qspi.o
HAL_QSPI_Transmit_IT                              build/debug/stm32wbxx_hal_qspi.o
HAL_QSPI_TxCpltCallback                           build/debug/stm32wbxx_hal_qspi.o
HAL_QSPI_TxHalfCpltCallback                       build/debug/stm32wbxx_hal_qspi.o
HAL_RCCEx_CRSConfig                               build/debug/stm32wbxx_hal_rcc_ex.o
HAL_RCCEx_CRSGetSynchronizationInfo               build/debug/stm32wbxx_hal_rcc_ex.o
HAL_RCCEx_CRSSoftwareSynchronizationGenerate      build/debug/stm32wbxx_hal_rcc_ex.o
HAL_RCCEx_CRSWaitSynchronization                  build/debug/stm32wbxx_hal_rcc_ex.o
HAL_RCCEx_CRS_ErrorCallback                       build/debug/stm32wbxx_hal_rcc_ex.o
HAL_RCCEx_CRS_ExpectedSyncCallback                build/debug/stm32wbxx_hal_rcc_ex.o
HAL_RCCEx_CRS_IRQHandler                          build/debug/stm32wbxx_hal_rcc_ex.o
HAL_RCCEx_CRS_SyncOkCallback                      build/debug/stm32wbxx_hal_rcc_ex.o
HAL_RCCEx_CRS_SyncWarnCallback                    build/debug/stm32wbxx_hal_rcc_ex.o
HAL_RCCEx_DisableLSCO                             build/debug/stm32wbxx_hal_rcc_ex.o
HAL_RCCEx_DisableLSECSS                           build/debug/stm32wbxx_hal_rcc_ex.o
HAL_RCCEx_DisableMSIPLLMode                       build/debug/stm32wbxx_hal_rcc_ex.o
HAL_RCCEx_DisablePLLSAI1                          build/debug/stm32wbxx_hal_rcc_ex.o
HAL_RCCEx_EnableLSCO                              build/debug/stm32wbxx_hal_rcc_ex.o
HAL_RCCEx_EnableLSECSS                            build/debug/stm32wbxx_hal_rcc_ex.o
HAL_RCCEx_EnableLSECSS_IT                         build/debug/stm32wbxx_hal_rcc_ex.o
HAL_RCCEx_EnableMSIPLLMode                        build/debug/stm32wbxx_hal_rcc_ex.o
                                                  build/debug/main.o
HAL_RCCEx_EnablePLLSAI1                           build/debug/stm32wbxx_hal_rcc_ex.o
HAL_RCCEx_GetPeriphCLKConfig                      build/debug/stm32wbxx_hal_rcc_ex.o
HAL_RCCEx_GetPeriphCLKFreq                        build/debug/stm32wbxx_hal_rcc_ex.o
HAL_RCCEx_GetRngCLKSource                         build/debug/stm32wbxx_hal_rcc_ex.o
HAL_RCCEx_LSCOConfig                              build/debug/stm32wbxx_hal_rcc_ex.o
HAL_RCCEx_LSECSS_Callback                         build/debug/stm32wbxx_hal_rcc_ex.o
HAL_RCCEx_LSECSS_IRQHandler                       build/debug/stm32wbxx_hal_rcc_ex.o
HAL_RCCEx_PeriphCLKConfig                         build/debug/stm32wbxx_hal_rcc_ex.o
                                                  build/debug/stm32wbxx_hal_msp.o
                                                  build/debug/main.o
HAL_RCCEx_TrimOsc                                 build/debug/stm32wbxx_hal_rcc_ex.o
HAL_RCCEx_WakeUpStopCLKConfig                     build/debug/stm32wbxx_hal_rcc_ex.o
HAL_RCC_CSSCallback                               build/debug/stm32wbxx_hal_rcc.o
HAL_RCC_ClockConfig                               build/debug/stm32wbxx_hal_rcc.o
                                                  build/debug/main.o
HAL_RCC_DeInit                                    build/debug/stm32wbxx_hal_rcc.o
HAL_RCC_EnableCSS                                 build/debug/stm32wbxx_hal_rcc.o
HAL_RCC_GetClockConfig                            build/debug/stm32wbxx_hal_rcc.o
HAL_RCC_GetHCLK2Freq                              build/debug/stm32wbxx_hal_rcc.o
HAL_RCC_GetHCLK4Freq                              build/debug/stm32wbxx_hal_rcc.o
HAL_RCC_GetHCLKFreq                               build/debug/stm32wbxx_hal_rcc.o
                                                  build/debug/stm32wbxx_hal.o
HAL_RCC_GetOscConfig                              build/debug/stm32wbxx_hal_rcc.o
HAL_RCC_GetPCLK1Freq                              build/debug/stm32wbxx_hal_rcc.o
HAL_RCC_GetPCLK2Freq                              build/debug/stm32wbxx_hal_rcc.o
HAL_RCC_GetResetSource                            build/debug/stm32wbxx_hal_rcc.o
HAL_RCC_GetSysClockFreq                           build/debug/stm32wbxx_hal_rcc.o
                                                  build/debug/stm32wbxx_hal_rcc_ex.o
HAL_RCC_MCOConfig                                 build/debug/stm32wbxx_hal_rcc.o
HAL_RCC_NMI_IRQHandler                            build/debug/stm32wbxx_hal_rcc.o
HAL_RCC_OscConfig                                 build/debug/stm32wbxx_hal_rcc.o
                                                  build/debug/main.o
HAL_ResumeTick                                    build/debug/stm32wbxx_hal.o
HAL_SYSCFG_DisableIOBooster                       build/debug/stm32wbxx_hal.o
HAL_SYSCFG_DisableIOVdd                           build/debug/stm32wbxx_hal.o
HAL_SYSCFG_DisableSRAMFetch                       build/debug/stm32wbxx_hal.o
HAL_SYSCFG_DisableSecurityAccess                  build/debug/stm32wbxx_hal.o
HAL_SYSCFG_DisableVREFBUF                         build/debug/stm32wbxx_hal.o
HAL_SYSCFG_EnableIOBooster                        build/debug/stm32wbxx_hal.o
HAL_SYSCFG_EnableIOVdd                            build/debug/stm32wbxx_hal.o
HAL_SYSCFG_EnableSecurityAccess                   build/debug/stm32wbxx_hal.o
HAL_SYSCFG_EnableVREFBUF                          build/debug/stm32wbxx_hal.o
HAL_SYSCFG_IsEnabledSRAMFetch                     build/debug/stm32wbxx_hal.o
HAL_SYSCFG_IsEnabledSecurityAccess                build/debug/stm32wbxx_hal.o
HAL_SYSCFG_SRAM2Erase                             build/debug/stm32wbxx_hal.o
HAL_SYSCFG_VREFBUF_HighImpedanceConfig            build/debug/stm32wbxx_hal.o
HAL_SYSCFG_VREFBUF_TrimmingConfig                 build/debug/stm32wbxx_hal.o
HAL_SYSCFG_VREFBUF_VoltageScalingConfig           build/debug/stm32wbxx_hal.o
HAL_SYSTICK_CLKSourceConfig                       build/debug/stm32wbxx_hal_cortex.o
HAL_SYSTICK_Callback                              build/debug/stm32wbxx_hal_cortex.o
HAL_SYSTICK_Config                                build/debug/stm32wbxx_hal_cortex.o
                                                  build/debug/stm32wbxx_hal.o
HAL_SYSTICK_IRQHandler                            build/debug/stm32wbxx_hal_cortex.o
HAL_SetTickFreq                                   build/debug/stm32wbxx_hal.o
HAL_SuspendTick                                   build/debug/stm32wbxx_hal.o
HSEM_IRQHandler                                   build/debug/startup_stm32wb55xx_cm4.o
HardFault_Handler                                 build/debug/stm32wbxx_it.o
I2C1_ER_IRQHandler                                build/debug/startup_stm32wb55xx_cm4.o
I2C1_EV_IRQHandler                                build/debug/startup_stm32wb55xx_cm4.o
I2C3_ER_IRQHandler                                build/debug/startup_stm32wb55xx_cm4.o
I2C3_EV_IRQHandler                                build/debug/startup_stm32wb55xx_cm4.o
IPCC_C1_RX_IRQHandler                             build/debug/startup_stm32wb55xx_cm4.o
IPCC_C1_TX_IRQHandler                             build/debug/startup_stm32wb55xx_cm4.o
LCD_IRQHandler                                    build/debug/startup_stm32wb55xx_cm4.o
LPTIM1_IRQHandler                                 build/debug/startup_stm32wb55xx_cm4.o
LPTIM2_IRQHandler                                 build/debug/startup_stm32wb55xx_cm4.o
LPUART1_IRQHandler                                build/debug/startup_stm32wb55xx_cm4.o
MSIRangeTable                                     build/debug/system_stm32wbxx.o
                                                  build/debug/stm32wbxx_hal_rcc_ex.o
                                                  build/debug/stm32wbxx_hal_rcc.o
MemManage_Handler                                 build/debug/stm32wbxx_it.o
NMI_Handler                                       build/debug/stm32wbxx_it.o
PKA_IRQHandler                                    build/debug/startup_stm32wb55xx_cm4.o
PVD_PVM_IRQHandler                                build/debug/startup_stm32wb55xx_cm4.o
PWR_SOTF_BLEACT_802ACT_RFPHASE_IRQHandler         build/debug/startup_stm32wb55xx_cm4.o
PendSV_Handler                                    build/debug/stm32wbxx_it.o
PeriphCommonClock_Config                          build/debug/main.o
QUADSPI_IRQHandler                                build/debug/startup_stm32wb55xx_cm4.o
RCC_IRQHandler                                    build/debug/startup_stm32wb55xx_cm4.o
RNG_IRQHandler                                    build/debug/startup_stm32wb55xx_cm4.o
RTC_Alarm_IRQHandler                              build/debug/startup_stm32wb55xx_cm4.o
RTC_WKUP_IRQHandler                               build/debug/startup_stm32wb55xx_cm4.o
Reset_Handler                                     build/debug/startup_stm32wb55xx_cm4.o
SAI1_IRQHandler                                   build/debug/startup_stm32wb55xx_cm4.o
SPI1_IRQHandler                                   build/debug/startup_stm32wb55xx_cm4.o
SPI2_IRQHandler                                   build/debug/startup_stm32wb55xx_cm4.o
SVC_Handler                                       build/debug/stm32wbxx_it.o
SmpsPrescalerTable                                build/debug/system_stm32wbxx.o
                                                  build/debug/stm32wbxx_hal_rcc_ex.o
SysTick_Handler                                   build/debug/stm32wbxx_it.o
SystemClock_Config                                build/debug/main.o
SystemCoreClock                                   build/debug/system_stm32wbxx.o
                                                  build/debug/stm32wbxx_hal_rcc.o
                                                  build/debug/stm32wbxx_hal_pwr_ex.o
SystemCoreClockUpdate                             build/debug/system_stm32wbxx.o
SystemInit                                        build/debug/system_stm32wbxx.o
                                                  build/debug/startup_stm32wb55xx_cm4.o
TAMP_STAMP_LSECSS_IRQHandler                      build/debug/startup_stm32wb55xx_cm4.o
TIM1_BRK_IRQHandler                               build/debug/startup_stm32wb55xx_cm4.o
TIM1_CC_IRQHandler                                build/debug/startup_stm32wb55xx_cm4.o
TIM1_TRG_COM_TIM17_IRQHandler                     build/debug/startup_stm32wb55xx_cm4.o
TIM1_UP_TIM16_IRQHandler                          build/debug/startup_stm32wb55xx_cm4.o
TIM2_IRQHandler                                   build/debug/startup_stm32wb55xx_cm4.o
TSC_IRQHandler                                    build/debug/startup_stm32wb55xx_cm4.o
USART1_IRQHandler                                 build/debug/startup_stm32wb55xx_cm4.o
USB_ActivateEndpoint                              build/debug/stm32wbxx_ll_usb.o
                                                  build/debug/stm32wbxx_hal_pcd.o
USB_ActivateRemoteWakeup                          build/debug/stm32wbxx_ll_usb.o
                                                  build/debug/stm32wbxx_hal_pcd.o
USB_CoreInit                                      build/debug/stm32wbxx_ll_usb.o
USB_DeActivateRemoteWakeup                        build/debug/stm32wbxx_ll_usb.o
                                                  build/debug/stm32wbxx_hal_pcd.o
USB_DeactivateEndpoint                            build/debug/stm32wbxx_ll_usb.o
                                                  build/debug/stm32wbxx_hal_pcd.o
USB_DevConnect                                    build/debug/stm32wbxx_ll_usb.o
                                                  build/debug/stm32wbxx_hal_pcd.o
USB_DevDisconnect                                 build/debug/stm32wbxx_ll_usb.o
                                                  build/debug/stm32wbxx_hal_pcd.o
USB_DevInit                                       build/debug/stm32wbxx_ll_usb.o
                                                  build/debug/stm32wbxx_hal_pcd.o
USB_DisableGlobalInt                              build/debug/stm32wbxx_ll_usb.o
                                                  build/debug/stm32wbxx_hal_pcd.o
USB_EPClearStall                                  build/debug/stm32wbxx_ll_usb.o
                                                  build/debug/stm32wbxx_hal_pcd.o
USB_EPSetStall                                    build/debug/stm32wbxx_ll_usb.o
                                                  build/debug/stm32wbxx_hal_pcd.o
USB_EPStartXfer                                   build/debug/stm32wbxx_ll_usb.o
                                                  build/debug/stm32wbxx_hal_pcd.o
USB_EPStopXfer                                    build/debug/stm32wbxx_ll_usb.o
                                                  build/debug/stm32wbxx_hal_pcd.o
USB_EnableGlobalInt                               build/debug/stm32wbxx_ll_usb.o
                                                  build/debug/stm32wbxx_hal_pcd.o
USB_FlushRxFifo                                   build/debug/stm32wbxx_ll_usb.o
                                                  build/debug/stm32wbxx_hal_pcd.o
USB_FlushTxFifo                                   build/debug/stm32wbxx_ll_usb.o
                                                  build/debug/stm32wbxx_hal_pcd.o
USB_HP_IRQHandler                                 build/debug/startup_stm32wb55xx_cm4.o
USB_LP_IRQHandler                                 build/debug/startup_stm32wb55xx_cm4.o
USB_ReadInterrupts                                build/debug/stm32wbxx_ll_usb.o
                                                  build/debug/stm32wbxx_hal_pcd.o
USB_ReadPMA                                       build/debug/stm32wbxx_ll_usb.o
                                                  build/debug/stm32wbxx_hal_pcd.o
USB_SetCurrentMode                                build/debug/stm32wbxx_ll_usb.o
USB_SetDevAddress                                 build/debug/stm32wbxx_ll_usb.o
                                                  build/debug/stm32wbxx_hal_pcd.o
USB_StopDevice                                    build/debug/stm32wbxx_ll_usb.o
                                                  build/debug/stm32wbxx_hal_pcd.o
USB_WritePMA                                      build/debug/stm32wbxx_ll_usb.o
                                                  build/debug/stm32wbxx_hal_pcd.o
UsageFault_Handler                                build/debug/stm32wbxx_it.o
WWDG_IRQHandler                                   build/debug/startup_stm32wb55xx_cm4.o
_Min_Stack_Size                                   build/debug/sysmem.o
__atexit                                          c:/Users/Nathan/AppData/Roaming/Code/User/globalStorage/bmd.stm32-for-vscode/@xpack-dev-tools/arm-none-eabi-gcc/15.2.1-1.1.1/.content/bin/../lib/gcc/arm-none-eabi/15.2.1/../../../../arm-none-eabi/lib/thumb/v7e-m+fp/hard\libc_nano.a(libc_a-__call_atexit.o)
                                                  c:/Users/Nathan/AppData/Roaming/Code/User/globalStorage/bmd.stm32-for-vscode/@xpack-dev-tools/arm-none-eabi-gcc/15.2.1-1.1.1/.content/bin/../lib/gcc/arm-none-eabi/15.2.1/../../../../arm-none-eabi/lib/thumb/v7e-m+fp/hard\libc_nano.a(libc_a-__atexit.o)
__atexit0                                         c:/Users/Nathan/AppData/Roaming/Code/User/globalStorage/bmd.stm32-for-vscode/@xpack-dev-tools/arm-none-eabi-gcc/15.2.1-1.1.1/.content/bin/../lib/gcc/arm-none-eabi/15.2.1/../../../../arm-none-eabi/lib/thumb/v7e-m+fp/hard\libc_nano.a(libc_a-__atexit.o)